13:12:12 *** CYCLE CONTACTEUR 471 -> 470 ***
13:12:12 car=False|9|0.1 pire=51.6% pub=12.44 biais=0.0 cyc=470
13:12:18 car=True|11|0.4 pire=51.4% pub=12.42 biais=0.0 cyc=470
13:12:23 car=True|11|0.7 pire=51.4% pub=12.43 biais=0.0 cyc=470
13:12:28 car=True|11|5.3 pire=51.4% pub=12.41 biais=0.0 cyc=470
13:12:33 car=True|11|8.0 pire=52.4% pub=12.44 biais=0.0 cyc=470
13:12:39 car=True|11|8.1 pire=87.0% pub=12.75 biais=0.0 cyc=470
13:12:44 car=True|11|8.1 pire=87.8% pub=20.25 biais=0.0 cyc=470
13:12:49 car=True|11|8.0 pire=87.9% pub=20.32 biais=0.0 cyc=470
13:12:54 car=True|11|8.1 pire=87.7% pub=20.29 biais=0.0 cyc=470
13:13:00 car=True|11|8.0 pire=87.6% pub=20.26 biais=0.0 cyc=470
13:13:05 car=True|11|8.1 pire=87.5% pub=20.26 biais=0.0 cyc=470
13:13:10 car=True|11|8.0 pire=88.2% pub=20.24 biais=0.0 cyc=470
13:13:16 *** CYCLE CONTACTEUR 470 -> 471 ***
13:13:16 car=True|11|8.1 pire=88.1% pub=20.3 biais=0.0 cyc=471
13:13:21 car=True|11|8.1 pire=88.3% pub=20.35 biais=0.0 cyc=471
13:13:26 car=True|11|8.1 pire=88.1% pub=20.3 biais=0.0 cyc=471
13:13:31 car=True|11|8.1 pire=88.2% pub=20.32 biais=0.0 cyc=471
13:13:36 car=True|11|8.1 pire=88.0% pub=20.26 biais=0.0 cyc=471
13:13:42 car=True|11|8.1 pire=88.0% pub=20.3 biais=0.0 cyc=471
13:13:47 car=True|11|9.9 pire=88.2% pub=20.31 biais=0.0 cyc=471
13:13:53 car=True|11|12.8 pire=93.0% pub=20.32 biais=0.0 cyc=471
13:13:58 car=True|11|15.1 pire=106.8% pub=20.9 biais=0.0 cyc=471
13:14:03 car=True|11|15.9 pire=120.2% pub=20.9 biais=0.0 cyc=471
13:14:08 car=True|11|15.9 pire=123.3% pub=20.9 biais=0.0 cyc=471
13:14:13 car=True|11|15.8 pire=123.1% pub=21.0 biais=0.0 cyc=471
13:14:19 car=True|11|15.8 pire=122.8% pub=20.9 biais=0.0 cyc=471
13:14:24 car=True|11|15.8 pire=122.5% pub=21.0 biais=0.0 cyc=471
13:14:29 car=True|11|15.8 pire=122.5% pub=21.0 biais=0.0 cyc=471
13:14:34 car=True|11|15.8 pire=122.4% pub=20.9 biais=0.0 cyc=471
13:14:39 car=True|11|15.9 pire=122.9% pub=21.0 biais=0.0 cyc=471
13:14:45 car=True|11|16.0 pire=123.3% pub=20.9 biais=0.0 cyc=471
13:14:50 car=True|11|15.9 pire=123.4% pub=21.0 biais=1.0 cyc=471
13:14:55 car=True|11|16.0 pire=123.3% pub=20.9 biais=2.0 cyc=471
13:15:00 car=True|11|15.8 pire=123.0% pub=21.0 biais=3.0 cyc=471
13:15:06 car=True|11|15.7 pire=122.7% pub=21.0 biais=4.0 cyc=471
13:15:11 car=True|11|15.8 pire=122.5% pub=21.0 biais=5.0 cyc=471
13:15:16 car=True|11|15.8 pire=122.6% pub=20.9 biais=6.0 cyc=471
13:15:21 car=True|11|15.8 pire=122.1% pub=21.0 biais=7.0 cyc=471
13:15:27 car=True|11|15.8 pire=122.5% pub=20.9 biais=8.0 cyc=471
13:15:32 car=True|11|15.8 pire=122.5% pub=21.0 biais=9.0 cyc=471
13:15:38 car=True|11|15.9 pire=139.4% pub=21.0 biais=10.0 cyc=471
13:15:43 car=True|11|15.8 pire=140.4% pub=21.0 biais=11.0 cyc=471
13:15:49 car=True|11|15.7 pire=138.0% pub=20.9 biais=13.0 cyc=471
13:15:54 car=True|11|15.1 pire=137.7% pub=21.1 biais=14.0 cyc=471
13:15:59 car=True|11|15.1 pire=135.7% pub=21.1 biais=15.0 cyc=471
13:16:04 car=True|11|15.1 pire=135.3% pub=21.2 biais=16.0 cyc=471
13:16:10 car=True|11|15.0 pire=134.3% pub=21.2 biais=16.0 cyc=471
13:16:15 car=True|11|15.1 pire=135.3% pub=21.2 biais=16.0 cyc=471
13:16:20 car=True|11|15.1 pire=136.5% pub=21.1 biais=16.0 cyc=471
13:16:25 car=True|11|15.0 pire=134.5% pub=21.1 biais=16.0 cyc=471
13:16:31 car=True|11|15.0 pire=136.9% pub=21.1 biais=16.0 cyc=471
13:16:36 car=True|11|15.1 pire=136.9% pub=21.2 biais=16.0 cyc=471
13:16:41 car=True|11|15.1 pire=136.3% pub=21.1 biais=16.0 cyc=471
13:16:46 car=True|11|15.0 pire=136.4% pub=21.2 biais=16.0 cyc=471
13:16:51 car=True|11|6.1 pire=128.4% pub=21.1 biais=16.0 cyc=471
13:16:56 car=True|11|6.1 pire=93.9% pub=21.2 biais=16.0 cyc=471
13:17:02 car=True|11|6.1 pire=95.2% pub=21.1 biais=16.0 cyc=471
13:17:07 car=True|11|6.1 pire=94.8% pub=21.2 biais=16.0 cyc=471
13:17:12 car=True|11|6.1 pire=94.4% pub=21.1 biais=16.0 cyc=471
13:17:17 car=True|11|6.1 pire=93.7% pub=21.1 biais=16.0 cyc=471
13:17:22 car=True|11|6.1 pire=96.0% pub=21.1 biais=16.0 cyc=471
13:17:28 car=True|11|6.1 pire=95.8% pub=21.2 biais=16.0 cyc=471
13:17:33 car=True|11|6.1 pire=93.1% pub=21.2 biais=16.0 cyc=471
13:17:38 car=True|11|6.1 pire=95.0% pub=21.2 biais=16.0 cyc=471
13:17:43 car=True|11|6.1 pire=95.8% pub=21.1 biais=16.0 cyc=471
13:17:48 car=True|11|6.1 pire=93.2% pub=21.2 biais=16.0 cyc=471
13:17:54 car=True|11|6.1 pire=95.9% pub=21.1 biais=16.0 cyc=471
13:17:59 car=True|11|6.1 pire=94.3% pub=21.2 biais=16.0 cyc=471
13:18:04 car=True|11|6.0 pire=78.8% pub=21.2 biais=16.0 cyc=471
13:18:09 car=True|11|6.1 pire=78.6% pub=21.1 biais=16.0 cyc=471
13:18:14 car=True|11|6.1 pire=78.4% pub=21.2 biais=16.0 cyc=471
13:18:20 car=True|11|6.1 pire=78.4% pub=21.2 biais=16.0 cyc=471
13:18:25 car=True|11|6.1 pire=78.5% pub=21.2 biais=16.0 cyc=471
13:18:30 car=True|11|6.1 pire=78.6% pub=21.1 biais=16.0 cyc=471
13:18:35 car=True|11|6.1 pire=78.5% pub=21.2 biais=16.0 cyc=471
13:18:40 car=True|11|6.1 pire=78.6% pub=21.1 biais=16.0 cyc=471
13:18:46 car=True|11|6.1 pire=78.4% pub=21.2 biais=16.0 cyc=471
13:18:51 car=True|11|6.1 pire=78.6% pub=21.1 biais=16.0 cyc=471
13:18:56 car=True|11|6.1 pire=78.5% pub=21.2 biais=16.0 cyc=471
13:19:01 car=True|11|6.1 pire=78.5% pub=21.1 biais=16.0 cyc=471
13:19:06 car=True|11|6.1 pire=78.4% pub=21.2 biais=16.0 cyc=471
13:19:12 car=True|11|6.1 pire=78.6% pub=21.1 biais=16.0 cyc=471
13:19:17 car=True|11|6.1 pire=78.4% pub=21.2 biais=16.0 cyc=471
13:19:22 car=True|11|6.1 pire=78.4% pub=21.1 biais=16.0 cyc=471
13:19:27 car=True|11|6.1 pire=78.7% pub=21.2 biais=16.0 cyc=471
13:19:32 car=True|11|6.1 pire=78.6% pub=21.1 biais=16.0 cyc=471
13:19:37 car=True|11|6.1 pire=78.6% pub=21.2 biais=16.0 cyc=471
13:19:43 car=True|11|6.1 pire=78.6% pub=21.1 biais=16.0 cyc=471
13:19:48 car=True|11|6.1 pire=78.6% pub=21.2 biais=16.0 cyc=471
13:19:53 car=True|11|6.1 pire=78.4% pub=21.1 biais=16.0 cyc=471
13:19:58 car=True|11|6.1 pire=78.6% pub=21.2 biais=16.0 cyc=471
13:20:03 car=True|11|6.1 pire=78.7% pub=21.1 biais=16.0 cyc=471
13:20:09 car=True|11|6.0 pire=78.7% pub=21.2 biais=16.0 cyc=471
13:20:14 car=True|11|6.1 pire=78.4% pub=21.2 biais=16.0 cyc=471
13:20:19 car=True|11|6.1 pire=78.4% pub=21.1 biais=16.0 cyc=471
13:20:24 car=True|11|6.1 pire=78.3% pub=21.2 biais=16.0 cyc=471
13:20:30 car=True|11|6.1 pire=78.5% pub=21.1 biais=16.0 cyc=471
13:20:35 car=True|11|6.1 pire=78.5% pub=21.2 biais=16.0 cyc=471
13:20:40 car=True|11|6.1 pire=78.6% pub=21.1 biais=16.0 cyc=471
13:20:45 car=True|11|6.1 pire=78.4% pub=21.1 biais=16.0 cyc=471
13:20:50 car=True|11|6.1 pire=78.5% pub=21.1 biais=16.0 cyc=471
13:20:55 car=True|11|6.1 pire=78.5% pub=21.2 biais=16.0 cyc=471
13:21:01 car=True|11|6.1 pire=78.6% pub=21.2 biais=16.0 cyc=471
13:21:06 car=True|11|6.1 pire=78.3% pub=21.2 biais=16.0 cyc=471
13:21:11 car=True|11|6.1 pire=78.5% pub=21.1 biais=16.0 cyc=471
13:21:16 car=True|11|6.1 pire=78.4% pub=21.1 biais=16.0 cyc=471
13:21:21 car=True|11|6.1 pire=78.5% pub=21.1 biais=16.0 cyc=471
13:21:27 car=True|11|6.1 pire=78.4% pub=21.2 biais=16.0 cyc=471
13:21:32 car=True|11|6.1 pire=78.4% pub=21.1 biais=16.0 cyc=471
13:21:37 car=True|11|6.1 pire=78.5% pub=21.2 biais=16.0 cyc=471
13:21:43 car=True|11|6.1 pire=78.4% pub=21.1 biais=16.0 cyc=471
13:21:48 car=True|11|6.1 pire=37.8% pub=21.2 biais=16.0 cyc=471
13:21:53 car=True|11|6.1 pire=36.9% pub=21.1 biais=16.0 cyc=471
13:21:58 car=True|11|6.1 pire=48.2% pub=21.2 biais=16.0 cyc=471
13:22:03 car=True|11|6.1 pire=56.3% pub=21.1 biais=16.0 cyc=471
13:22:09 car=True|11|6.1 pire=56.3% pub=21.1 biais=16.0 cyc=471
13:22:14 car=True|11|6.1 pire=56.3% pub=21.2 biais=16.0 cyc=471
13:22:19 car=True|11|6.1 pire=55.9% pub=21.2 biais=16.0 cyc=471
13:22:25 car=True|11|6.1 pire=60.7% pub=21.2 biais=16.0 cyc=471
13:22:30 car=True|11|6.1 pire=60.3% pub=21.1 biais=16.0 cyc=471
13:22:35 car=True|11|6.1 pire=60.5% pub=21.2 biais=16.0 cyc=471
13:22:40 car=True|11|6.1 pire=60.9% pub=21.1 biais=16.0 cyc=471
13:22:45 car=True|11|6.1 pire=60.8% pub=21.2 biais=16.0 cyc=471
13:22:51 car=True|11|6.1 pire=60.7% pub=21.1 biais=16.0 cyc=471
13:22:56 car=True|11|6.1 pire=60.9% pub=21.2 biais=16.0 cyc=471
13:23:01 car=True|11|6.1 pire=59.8% pub=21.1 biais=16.0 cyc=471
13:23:07 car=True|11|6.1 pire=60.8% pub=21.2 biais=16.0 cyc=471
13:23:12 car=True|11|6.1 pire=60.7% pub=21.2 biais=16.0 cyc=471
13:23:17 car=True|11|6.1 pire=60.7% pub=21.2 biais=16.0 cyc=471
13:23:22 car=True|11|6.1 pire=60.7% pub=21.1 biais=16.0 cyc=471
13:23:27 car=True|11|6.1 pire=60.5% pub=21.1 biais=16.0 cyc=471
13:23:33 car=True|11|6.1 pire=60.5% pub=21.1 biais=16.0 cyc=471
13:23:38 car=True|11|6.1 pire=58.5% pub=21.2 biais=16.0 cyc=471
13:23:43 car=True|11|6.1 pire=59.9% pub=21.1 biais=16.0 cyc=471
13:23:48 car=True|11|6.0 pire=60.3% pub=21.2 biais=16.0 cyc=471
13:23:53 car=True|11|6.1 pire=60.2% pub=21.1 biais=16.0 cyc=471
13:23:59 car=True|11|6.1 pire=60.3% pub=21.2 biais=16.0 cyc=471
13:24:04 car=True|11|6.1 pire=60.4% pub=21.1 biais=16.0 cyc=471
13:24:09 car=True|11|6.1 pire=60.3% pub=21.2 biais=16.0 cyc=471
13:24:14 car=True|11|6.1 pire=54.3% pub=21.2 biais=16.0 cyc=471
13:24:19 car=True|11|6.1 pire=55.9% pub=21.1 biais=16.0 cyc=471
13:24:24 car=True|11|6.1 pire=56.2% pub=21.2 biais=16.0 cyc=471
13:24:30 car=True|11|6.1 pire=56.1% pub=21.2 biais=16.0 cyc=471
13:24:35 car=True|11|6.1 pire=56.5% pub=21.2 biais=16.0 cyc=471
13:24:40 car=True|11|6.1 pire=56.0% pub=21.1 biais=16.0 cyc=471
13:24:45 car=True|11|6.0 pire=56.3% pub=21.1 biais=16.0 cyc=471
13:24:50 car=True|11|6.1 pire=54.1% pub=21.1 biais=16.0 cyc=471
13:24:56 car=True|11|6.1 pire=57.5% pub=21.2 biais=16.0 cyc=471
13:25:01 car=True|11|6.1 pire=54.4% pub=21.1 biais=16.0 cyc=471
13:25:06 car=True|11|6.1 pire=53.6% pub=21.2 biais=16.0 cyc=471
13:25:11 car=True|11|6.1 pire=54.3% pub=21.1 biais=16.0 cyc=471
13:25:16 car=True|11|6.1 pire=54.7% pub=21.2 biais=16.0 cyc=471
13:25:21 car=True|11|6.1 pire=54.0% pub=21.1 biais=16.0 cyc=471
13:25:27 car=True|11|6.1 pire=55.6% pub=21.2 biais=16.0 cyc=471
13:25:32 car=True|11|6.1 pire=56.1% pub=21.1 biais=16.0 cyc=471
13:25:37 car=True|11|6.0 pire=55.6% pub=21.1 biais=16.0 cyc=471
13:25:42 car=True|11|6.1 pire=56.2% pub=21.1 biais=15.5 cyc=471
13:25:47 car=True|11|6.1 pire=55.9% pub=21.2 biais=15.0 cyc=471
13:25:53 car=True|11|6.1 pire=56.6% pub=21.2 biais=14.5 cyc=471
13:25:58 car=True|11|6.1 pire=53.6% pub=21.2 biais=14.0 cyc=471
13:26:04 car=True|11|6.1 pire=54.5% pub=21.1 biais=13.0 cyc=471
13:26:09 car=True|11|6.1 pire=56.0% pub=21.1 biais=12.5 cyc=471
13:26:14 car=True|11|6.1 pire=56.3% pub=21.2 biais=12.0 cyc=471
13:26:19 car=True|11|6.1 pire=56.8% pub=21.1 biais=11.5 cyc=471
13:26:24 car=True|11|6.1 pire=56.3% pub=21.2 biais=11.0 cyc=471
13:26:30 car=True|11|6.1 pire=55.7% pub=21.0 biais=10.5 cyc=471
13:26:35 car=True|11|6.1 pire=53.2% pub=20.9 biais=10.0 cyc=471
13:26:40 car=True|11|6.1 pire=36.5% pub=21.0 biais=9.5 cyc=471
13:26:45 car=True|11|6.1 pire=56.3% pub=20.9 biais=9.0 cyc=471
13:26:50 car=True|11|6.1 pire=56.1% pub=17.88 biais=8.5 cyc=471
13:26:55 car=True|11|6.1 pire=55.7% pub=20.9 biais=8.0 cyc=471
13:27:01 car=True|11|6.1 pire=54.9% pub=16.75 biais=7.5 cyc=471
13:27:06 car=True|11|6.1 pire=56.0% pub=20.47 biais=7.0 cyc=471
13:27:11 car=True|11|6.1 pire=54.2% pub=19.44 biais=6.5 cyc=471
13:27:16 car=True|11|6.1 pire=54.2% pub=19.0 biais=6.0 cyc=471
13:27:22 car=True|11|6.1 pire=56.4% pub=14.66 biais=5.5 cyc=471
13:27:27 car=True|11|6.1 pire=36.6% pub=18.43 biais=5.0 cyc=471
13:27:33 car=True|11|6.1 pire=37.0% pub=13.73 biais=4.5 cyc=471
13:27:38 car=True|11|6.1 pire=36.7% pub=13.27 biais=4.0 cyc=471
13:27:43 car=True|11|6.1 pire=36.8% pub=12.72 biais=3.0 cyc=471
13:27:49 car=True|11|6.1 pire=37.0% pub=12.23 biais=2.5 cyc=471
13:27:54 car=True|11|6.1 pire=37.3% pub=11.33 biais=2.0 cyc=471
13:27:59 car=True|11|6.1 pire=37.1% pub=10.79 biais=1.5 cyc=471
13:28:05 car=True|11|6.1 pire=37.3% pub=10.39 biais=1.0 cyc=471
13:28:10 car=True|11|6.1 pire=37.6% pub=9.94 biais=0.5 cyc=471
13:28:15 car=True|11|6.1 pire=38.2% pub=9.54 biais=0.0 cyc=471
13:28:20 car=True|11|6.1 pire=37.8% pub=9.42 biais=0.0 cyc=471
13:28:25 car=True|11|6.1 pire=38.0% pub=9.49 biais=0.0 cyc=471
13:28:31 car=True|11|6.1 pire=36.1% pub=8.82 biais=0.0 cyc=471
13:28:36 car=True|11|6.1 pire=36.9% pub=9.24 biais=0.0 cyc=471
13:28:41 car=True|11|6.1 pire=36.6% pub=9.22 biais=0.0 cyc=471
13:28:46 car=True|11|6.1 pire=36.7% pub=9.18 biais=0.0 cyc=471
13:28:52 car=True|11|6.1 pire=36.7% pub=9.23 biais=0.0 cyc=471
13:28:57 car=True|11|6.1 pire=37.0% pub=9.31 biais=0.0 cyc=471
13:29:02 car=True|11|6.1 pire=36.8% pub=9.24 biais=0.0 cyc=471
13:29:07 car=True|11|6.1 pire=36.7% pub=8.82 biais=0.0 cyc=471
13:29:12 car=True|11|6.1 pire=37.1% pub=9.3 biais=0.0 cyc=471
13:29:18 car=True|11|6.1 pire=36.9% pub=9.25 biais=0.0 cyc=471
13:29:23 car=True|11|6.1 pire=41.4% pub=9.26 biais=0.0 cyc=471
13:29:29 car=True|11|6.1 pire=63.0% pub=14.95 biais=0.0 cyc=471
13:29:34 car=True|11|6.1 pire=81.1% pub=18.67 biais=0.0 cyc=471
13:29:40 car=True|11|6.1 pire=79.7% pub=18.5 biais=0.0 cyc=471
13:29:45 car=True|11|6.0 pire=80.1% pub=18.51 biais=0.0 cyc=471
13:29:50 car=True|11|6.1 pire=79.7% pub=18.42 biais=0.0 cyc=471
13:29:55 car=True|11|6.1 pire=79.9% pub=18.48 biais=0.0 cyc=471
13:30:00 car=True|11|6.1 pire=79.8% pub=18.43 biais=0.0 cyc=471
13:30:06 car=True|11|6.1 pire=98.4% pub=21.0 biais=0.0 cyc=471
13:30:15 car=True|11|6.1 pire=98.7% pub=20.9 biais=0.0 cyc=471
13:30:20 car=True|11|6.1 pire=98.8% pub=21.0 biais=0.0 cyc=471
13:30:25 car=True|11|6.1 pire=98.9% pub=21.0 biais=0.0 cyc=471
13:30:30 car=True|11|6.1 pire=99.0% pub=21.0 biais=0.0 cyc=471
13:30:36 car=True|11|6.1 pire=98.8% pub=20.9 biais=0.0 cyc=471
13:30:41 car=True|11|6.1 pire=98.3% pub=21.0 biais=0.0 cyc=471
13:30:46 car=True|11|6.1 pire=98.8% pub=20.9 biais=0.0 cyc=471
13:30:51 car=True|11|6.1 pire=98.7% pub=21.0 biais=0.0 cyc=471
13:30:56 car=True|11|6.1 pire=99.0% pub=21.0 biais=0.0 cyc=471
13:31:02 car=True|11|6.1 pire=98.6% pub=21.0 biais=0.0 cyc=471
13:31:07 car=True|11|6.1 pire=98.2% pub=20.9 biais=0.0 cyc=471
13:31:12 car=True|11|6.1 pire=97.9% pub=21.0 biais=0.0 cyc=471
13:31:17 car=True|11|6.1 pire=97.7% pub=20.9 biais=1.0 cyc=471
13:31:23 car=True|11|6.1 pire=97.8% pub=21.0 biais=2.0 cyc=471
13:31:29 car=True|11|6.1 pire=97.4% pub=20.9 biais=4.0 cyc=471
13:31:34 car=True|11|6.1 pire=97.6% pub=21.0 biais=5.0 cyc=471
13:31:39 car=True|11|6.1 pire=97.1% pub=20.9 biais=6.0 cyc=471
13:31:44 car=True|11|6.1 pire=97.4% pub=21.0 biais=7.0 cyc=471
13:31:49 car=True|11|6.0 pire=97.5% pub=21.0 biais=8.0 cyc=471
13:31:55 car=True|11|6.1 pire=97.1% pub=20.9 biais=9.0 cyc=471
13:32:00 car=True|11|6.1 pire=97.6% pub=20.9 biais=10.0 cyc=471
13:32:05 car=True|11|6.1 pire=97.4% pub=20.9 biais=11.0 cyc=471
13:32:10 car=True|11|6.1 pire=96.8% pub=21.1 biais=12.0 cyc=471
13:32:15 car=True|11|6.0 pire=97.6% pub=21.2 biais=13.0 cyc=471
13:32:20 car=True|11|6.1 pire=97.2% pub=21.1 biais=14.0 cyc=471
13:32:26 car=True|11|6.1 pire=97.3% pub=21.2 biais=15.0 cyc=471
13:32:31 car=True|11|6.0 pire=97.4% pub=21.1 biais=16.0 cyc=471
13:32:36 car=True|11|6.1 pire=97.1% pub=21.1 biais=16.0 cyc=471
13:32:41 car=True|11|6.1 pire=96.9% pub=21.1 biais=16.0 cyc=471
13:32:46 car=True|11|6.1 pire=97.3% pub=21.2 biais=16.0 cyc=471
13:32:52 car=True|11|6.1 pire=97.4% pub=21.2 biais=16.0 cyc=471
13:32:57 car=True|11|6.1 pire=97.4% pub=21.2 biais=16.0 cyc=471
13:33:04 car=True|11|6.1 pire=97.3% pub=21.1 biais=16.0 cyc=471
13:33:09 car=True|11|6.0 pire=96.8% pub=21.1 biais=16.0 cyc=471
13:33:14 car=True|11|6.1 pire=97.1% pub=21.2 biais=16.0 cyc=471
13:33:20 car=True|11|6.1 pire=97.2% pub=21.1 biais=16.0 cyc=471
13:33:25 car=True|11|6.1 pire=97.3% pub=21.2 biais=16.0 cyc=471
13:33:30 car=True|11|6.1 pire=97.4% pub=21.1 biais=16.0 cyc=471
13:33:35 car=True|11|6.1 pire=97.2% pub=21.2 biais=16.0 cyc=471
13:33:40 car=True|11|6.1 pire=96.8% pub=21.1 biais=16.0 cyc=471
13:33:46 car=True|11|6.1 pire=97.3% pub=21.2 biais=16.0 cyc=471
13:33:51 car=True|11|6.1 pire=97.2% pub=21.1 biais=15.5 cyc=471
13:33:56 car=True|11|6.1 pire=97.1% pub=21.1 biais=15.0 cyc=471
13:34:01 car=True|11|6.1 pire=97.1% pub=21.1 biais=14.5 cyc=471
13:34:06 car=True|11|6.1 pire=97.2% pub=21.2 biais=14.0 cyc=471
13:34:12 car=True|11|6.1 pire=96.6% pub=21.1 biais=13.5 cyc=471
13:34:17 car=True|11|6.1 pire=97.2% pub=21.2 biais=13.0 cyc=471
13:34:22 car=True|11|6.1 pire=97.1% pub=21.1 biais=12.5 cyc=471
13:34:27 car=True|11|6.1 pire=96.7% pub=21.1 biais=12.0 cyc=471
13:34:32 car=True|11|6.1 pire=96.5% pub=21.1 biais=11.5 cyc=471
13:34:38 car=True|11|6.1 pire=96.7% pub=21.2 biais=11.0 cyc=471
13:34:43 car=True|11|6.1 pire=96.6% pub=21.1 biais=10.5 cyc=471
13:34:48 car=True|11|6.1 pire=96.5% pub=21.2 biais=10.0 cyc=471
13:34:53 car=True|11|6.1 pire=96.6% pub=21.1 biais=9.5 cyc=471
13:34:58 car=True|11|6.1 pire=96.7% pub=21.2 biais=9.0 cyc=471
13:35:04 car=True|11|6.1 pire=96.6% pub=21.2 biais=8.0 cyc=471
13:35:09 car=True|11|6.1 pire=96.5% pub=21.2 biais=7.5 cyc=471
13:35:14 car=True|11|6.1 pire=96.7% pub=21.2 biais=7.0 cyc=471
13:35:19 car=True|11|6.1 pire=96.6% pub=21.1 biais=6.5 cyc=471
13:35:25 car=True|11|6.1 pire=96.8% pub=21.2 biais=6.0 cyc=471
13:35:30 car=True|11|6.1 pire=96.8% pub=21.2 biais=5.5 cyc=471
13:35:35 car=True|11|6.1 pire=96.7% pub=21.2 biais=5.0 cyc=471
13:35:40 car=True|11|6.1 pire=96.6% pub=21.1 biais=4.5 cyc=471
13:35:45 car=True|11|6.1 pire=96.5% pub=21.2 biais=4.0 cyc=471
13:35:51 car=True|11|6.1 pire=96.8% pub=21.1 biais=3.5 cyc=471
13:35:56 car=True|11|6.1 pire=96.7% pub=21.2 biais=3.0 cyc=471
13:36:01 car=True|11|6.1 pire=96.8% pub=21.1 biais=2.5 cyc=471
13:36:06 car=True|11|6.1 pire=96.6% pub=21.2 biais=2.0 cyc=471
13:36:11 car=True|11|6.1 pire=96.6% pub=21.1 biais=1.5 cyc=471
13:36:17 car=True|11|6.1 pire=96.6% pub=21.2 biais=1.0 cyc=471
13:36:22 car=True|11|6.1 pire=96.4% pub=21.2 biais=0.5 cyc=471
13:36:27 car=True|11|6.1 pire=96.8% pub=21.2 biais=0.0 cyc=471
13:36:33 car=True|11|6.1 pire=96.6% pub=21.1 biais=0.0 cyc=471
13:36:38 car=True|11|6.1 pire=96.6% pub=21.1 biais=0.0 cyc=471
13:36:43 car=True|11|6.1 pire=97.1% pub=21.1 biais=0.0 cyc=471
13:36:48 car=True|11|6.1 pire=97.1% pub=21.2 biais=0.0 cyc=471
13:36:54 car=True|11|6.1 pire=96.5% pub=21.2 biais=0.0 cyc=471
13:36:59 car=True|11|6.1 pire=97.0% pub=21.2 biais=0.0 cyc=471
13:37:04 car=True|11|6.1 pire=96.9% pub=21.2 biais=0.0 cyc=471
13:37:09 car=True|11|6.1 pire=97.1% pub=21.1 biais=0.0 cyc=471
13:37:14 car=True|11|6.1 pire=97.1% pub=21.2 biais=0.0 cyc=471
13:37:20 car=True|11|6.1 pire=97.1% pub=21.1 biais=0.0 cyc=471
13:37:25 car=True|11|6.1 pire=96.2% pub=21.2 biais=0.0 cyc=471
13:37:30 car=True|11|6.1 pire=96.9% pub=21.1 biais=0.0 cyc=471
13:37:35 car=True|11|6.1 pire=97.1% pub=21.2 biais=0.0 cyc=471
13:37:40 car=True|11|6.1 pire=97.1% pub=21.2 biais=0.0 cyc=471
13:37:46 car=True|11|6.1 pire=97.2% pub=21.2 biais=0.0 cyc=471
13:37:51 car=True|11|6.1 pire=97.1% pub=21.1 biais=0.0 cyc=471
13:37:56 car=True|11|6.1 pire=96.6% pub=21.2 biais=0.0 cyc=471
13:38:01 car=True|11|6.1 pire=97.2% pub=21.1 biais=0.0 cyc=471
13:38:06 car=True|11|6.1 pire=97.2% pub=21.2 biais=0.0 cyc=471
13:38:12 car=True|11|6.1 pire=97.1% pub=21.1 biais=0.0 cyc=471
13:38:17 car=True|11|6.1 pire=97.1% pub=21.2 biais=0.0 cyc=471
13:38:22 car=True|11|6.1 pire=96.4% pub=21.1 biais=0.0 cyc=471
13:38:28 car=True|11|6.1 pire=97.0% pub=21.2 biais=0.0 cyc=471
13:38:33 car=True|11|6.1 pire=96.9% pub=21.1 biais=0.0 cyc=471
13:38:38 car=True|11|6.1 pire=97.2% pub=21.2 biais=0.0 cyc=471
13:38:43 car=True|11|6.1 pire=97.1% pub=21.1 biais=0.0 cyc=471
13:38:49 car=True|11|6.1 pire=97.2% pub=21.2 biais=0.0 cyc=471
13:38:54 car=True|11|6.1 pire=96.7% pub=21.1 biais=0.0 cyc=471
13:38:59 car=True|11|6.1 pire=97.0% pub=21.2 biais=0.0 cyc=471
13:39:04 car=True|11|6.1 pire=97.0% pub=21.2 biais=0.0 cyc=471
13:39:09 car=True|11|6.1 pire=97.0% pub=21.1 biais=0.0 cyc=471
13:39:15 car=True|11|6.1 pire=97.1% pub=21.1 biais=0.0 cyc=471
13:39:20 car=True|11|6.1 pire=97.1% pub=21.1 biais=0.0 cyc=471
13:39:25 car=True|11|6.1 pire=96.4% pub=21.2 biais=0.0 cyc=471
13:39:30 car=True|11|6.1 pire=97.1% pub=21.1 biais=0.0 cyc=471
13:39:35 car=True|11|6.1 pire=97.2% pub=21.2 biais=0.0 cyc=471
13:39:40 car=True|11|6.1 pire=97.2% pub=21.1 biais=0.0 cyc=471
13:39:46 car=True|11|6.1 pire=97.2% pub=21.2 biais=0.0 cyc=471
13:39:51 car=True|11|6.1 pire=97.2% pub=21.2 biais=0.0 cyc=471
13:39:56 car=True|11|6.1 pire=96.9% pub=21.2 biais=0.0 cyc=471
13:40:01 car=True|11|6.1 pire=97.2% pub=21.1 biais=0.0 cyc=471
13:40:06 car=True|11|6.1 pire=97.1% pub=21.1 biais=0.0 cyc=471
13:40:12 car=True|11|6.1 pire=96.5% pub=21.1 biais=0.0 cyc=471
13:40:17 car=True|11|6.1 pire=96.5% pub=21.2 biais=0.0 cyc=471
13:40:22 car=True|11|6.1 pire=96.5% pub=21.1 biais=0.0 cyc=471
13:40:27 car=True|11|6.1 pire=96.5% pub=21.2 biais=0.0 cyc=471
13:40:32 car=True|11|6.1 pire=96.5% pub=21.1 biais=0.0 cyc=471
13:40:37 car=True|11|6.1 pire=96.6% pub=21.2 biais=0.0 cyc=471
13:40:43 car=True|11|6.1 pire=96.5% pub=21.1 biais=0.0 cyc=471
13:40:48 car=True|11|6.1 pire=96.5% pub=21.2 biais=0.0 cyc=471
13:40:53 car=True|11|6.1 pire=96.6% pub=21.1 biais=0.0 cyc=471
13:40:58 car=True|11|6.1 pire=96.4% pub=21.2 biais=0.0 cyc=471
13:41:03 car=True|11|6.1 pire=96.4% pub=21.1 biais=0.0 cyc=471
13:41:09 car=True|11|6.1 pire=96.4% pub=21.2 biais=0.0 cyc=471
13:41:14 car=True|11|6.1 pire=96.3% pub=21.2 biais=0.0 cyc=471
13:41:20 car=True|11|6.1 pire=96.3% pub=21.1 biais=0.0 cyc=471
13:41:25 car=True|11|6.1 pire=96.4% pub=21.2 biais=0.0 cyc=471
13:41:30 car=True|11|6.1 pire=96.4% pub=21.1 biais=0.0 cyc=471
13:41:35 car=True|11|6.1 pire=96.3% pub=21.2 biais=0.0 cyc=471
13:41:40 car=True|11|6.1 pire=96.3% pub=21.1 biais=0.0 cyc=471
13:41:46 car=True|11|6.1 pire=96.5% pub=21.2 biais=0.0 cyc=471
13:41:51 car=True|11|6.1 pire=96.4% pub=21.1 biais=0.0 cyc=471
13:41:56 car=True|11|6.1 pire=96.4% pub=21.2 biais=0.0 cyc=471
13:42:01 car=True|11|6.1 pire=96.3% pub=21.2 biais=0.0 cyc=471
13:42:06 car=True|11|6.1 pire=96.4% pub=21.2 biais=0.0 cyc=471
13:42:12 car=True|11|6.1 pire=96.4% pub=21.1 biais=0.0 cyc=471
13:42:17 car=True|11|6.1 pire=96.4% pub=21.2 biais=0.0 cyc=471
13:42:22 car=True|11|6.1 pire=96.3% pub=21.1 biais=0.0 cyc=471
13:42:27 car=True|11|6.1 pire=96.4% pub=21.2 biais=0.0 cyc=471
13:42:32 car=True|11|6.1 pire=96.4% pub=21.1 biais=0.0 cyc=471
13:42:38 car=True|11|6.1 pire=96.4% pub=21.2 biais=0.0 cyc=471
13:42:43 car=True|11|6.1 pire=96.5% pub=21.1 biais=0.0 cyc=471
13:42:48 car=True|11|6.1 pire=96.6% pub=21.2 biais=0.0 cyc=471
13:42:53 car=True|11|6.1 pire=96.5% pub=21.1 biais=0.0 cyc=471
13:42:58 car=True|11|6.1 pire=96.5% pub=21.2 biais=0.0 cyc=471
13:43:04 car=True|11|6.1 pire=96.4% pub=21.2 biais=0.0 cyc=471
13:43:09 car=True|11|6.1 pire=96.4% pub=21.1 biais=0.0 cyc=471
13:43:15 car=True|11|6.1 pire=96.5% pub=21.2 biais=0.0 cyc=471
13:43:20 car=True|11|6.1 pire=96.4% pub=21.2 biais=0.0 cyc=471
13:43:25 car=True|11|6.1 pire=96.6% pub=21.2 biais=0.0 cyc=471
13:43:30 car=True|11|6.1 pire=96.5% pub=21.1 biais=0.0 cyc=471
13:43:35 car=True|11|6.1 pire=96.5% pub=21.2 biais=0.0 cyc=471
13:43:41 car=True|11|6.1 pire=96.5% pub=21.1 biais=0.0 cyc=471
13:43:46 car=True|11|6.1 pire=96.5% pub=21.2 biais=0.0 cyc=471
13:43:51 car=True|11|6.1 pire=96.4% pub=21.1 biais=0.0 cyc=471
13:43:56 car=True|11|6.1 pire=96.6% pub=21.2 biais=0.0 cyc=471
13:44:01 car=True|11|6.1 pire=96.6% pub=21.1 biais=0.0 cyc=471
13:44:07 car=True|11|6.1 pire=96.8% pub=21.1 biais=0.0 cyc=471
13:44:12 car=True|11|6.1 pire=96.7% pub=21.1 biais=0.0 cyc=471
13:44:17 car=True|11|6.1 pire=96.4% pub=21.2 biais=0.0 cyc=471
13:44:22 car=True|11|6.1 pire=96.8% pub=21.1 biais=0.0 cyc=471
13:44:27 car=True|11|6.1 pire=96.6% pub=21.1 biais=0.0 cyc=471
13:44:32 car=True|11|6.1 pire=96.7% pub=21.1 biais=0.0 cyc=471
13:44:38 car=True|11|6.1 pire=97.1% pub=21.2 biais=0.0 cyc=471
13:44:43 car=True|11|6.1 pire=97.1% pub=21.1 biais=0.0 cyc=471
13:44:48 car=True|11|6.1 pire=96.6% pub=21.2 biais=0.0 cyc=471
13:44:53 car=True|11|6.1 pire=97.1% pub=21.1 biais=0.0 cyc=471
13:44:58 car=True|11|6.1 pire=97.0% pub=21.2 biais=0.0 cyc=471
13:45:04 car=True|11|6.1 pire=97.0% pub=21.1 biais=0.0 cyc=471
13:45:09 car=True|11|6.1 pire=97.0% pub=21.2 biais=0.0 cyc=471
13:45:14 car=True|11|6.1 pire=97.0% pub=21.2 biais=0.0 cyc=471
13:45:19 car=True|11|6.1 pire=96.4% pub=21.1 biais=0.0 cyc=471
13:45:24 car=True|11|6.1 pire=96.9% pub=21.2 biais=0.0 cyc=471
13:45:30 car=True|11|6.1 pire=96.6% pub=21.2 biais=0.0 cyc=471
13:45:35 car=True|11|6.1 pire=97.0% pub=21.2 biais=0.0 cyc=471
13:45:40 car=True|11|6.1 pire=97.2% pub=21.1 biais=0.0 cyc=471
13:45:45 car=True|11|6.1 pire=97.0% pub=21.1 biais=0.0 cyc=471
13:45:50 car=True|11|6.1 pire=96.5% pub=21.1 biais=0.0 cyc=471
13:45:56 car=True|11|6.1 pire=97.0% pub=21.2 biais=0.0 cyc=471
13:46:01 car=True|11|6.1 pire=96.7% pub=21.2 biais=0.0 cyc=471
13:46:06 car=True|11|6.1 pire=96.9% pub=21.2 biais=0.0 cyc=471
13:46:11 car=True|11|6.1 pire=96.8% pub=21.1 biais=0.0 cyc=471
13:46:16 car=True|11|6.1 pire=96.4% pub=21.2 biais=0.0 cyc=471
13:46:22 car=True|11|6.1 pire=96.6% pub=21.1 biais=0.0 cyc=471
13:46:27 car=True|11|6.1 pire=96.6% pub=21.2 biais=0.0 cyc=471
13:46:32 car=True|11|6.1 pire=96.5% pub=21.1 biais=0.0 cyc=471
13:46:37 car=True|11|6.1 pire=96.7% pub=21.2 biais=0.0 cyc=471
13:46:42 car=True|11|6.1 pire=96.7% pub=21.1 biais=0.0 cyc=471
13:46:48 car=True|11|6.1 pire=96.4% pub=21.2 biais=0.0 cyc=471
13:46:53 car=True|11|6.1 pire=96.2% pub=21.2 biais=0.0 cyc=471
13:46:58 car=True|11|6.1 pire=96.9% pub=21.2 biais=0.0 cyc=471
13:47:03 car=True|11|6.1 pire=96.9% pub=21.1 biais=0.0 cyc=471
13:47:08 car=True|11|6.1 pire=96.8% pub=21.1 biais=0.0 cyc=471
13:47:14 car=True|11|6.1 pire=96.8% pub=21.1 biais=0.0 cyc=471
13:47:19 car=True|11|6.1 pire=96.4% pub=21.2 biais=0.0 cyc=471
13:47:24 car=True|11|6.1 pire=96.2% pub=21.2 biais=0.0 cyc=471
13:47:29 car=True|11|6.1 pire=96.2% pub=21.1 biais=0.0 cyc=471
13:47:35 car=True|11|6.1 pire=96.2% pub=21.2 biais=0.0 cyc=471
13:47:42 car=True|11|6.1 pire=96.1% pub=21.1 biais=0.0 cyc=471
13:47:47 car=True|11|6.1 pire=96.2% pub=21.2 biais=0.0 cyc=471
13:47:52 car=True|11|6.1 pire=96.6% pub=21.1 biais=0.0 cyc=471
13:47:57 car=True|11|6.1 pire=96.4% pub=21.2 biais=0.0 cyc=471
13:48:03 car=True|11|6.1 pire=96.1% pub=21.1 biais=0.0 cyc=471
13:48:08 car=True|11|6.1 pire=96.2% pub=21.2 biais=0.0 cyc=471
13:48:13 car=True|11|6.1 pire=96.2% pub=21.2 biais=0.0 cyc=471
13:48:18 car=True|11|6.1 pire=96.1% pub=21.2 biais=0.0 cyc=471
13:48:23 car=True|11|6.1 pire=95.9% pub=21.1 biais=0.0 cyc=471
13:48:29 car=True|11|6.1 pire=96.1% pub=21.2 biais=0.0 cyc=471
13:48:34 car=True|11|6.1 pire=96.1% pub=21.1 biais=0.0 cyc=471
13:48:39 car=True|11|6.1 pire=96.1% pub=21.1 biais=0.0 cyc=471
13:48:44 car=True|11|6.1 pire=95.9% pub=21.2 biais=0.0 cyc=471
13:48:49 car=True|11|6.1 pire=95.9% pub=21.1 biais=0.0 cyc=471
13:48:55 car=True|11|6.1 pire=96.3% pub=21.2 biais=0.0 cyc=471
13:49:00 car=True|11|6.1 pire=96.2% pub=21.1 biais=0.0 cyc=471
13:49:05 car=True|11|6.1 pire=96.2% pub=21.2 biais=0.0 cyc=471
13:49:10 car=True|11|6.1 pire=95.9% pub=21.1 biais=0.0 cyc=471
13:49:15 car=True|11|6.1 pire=96.0% pub=21.2 biais=0.0 cyc=471
13:49:21 car=True|11|6.1 pire=96.0% pub=21.1 biais=0.0 cyc=471
13:49:26 car=True|11|6.1 pire=96.2% pub=21.2 biais=0.0 cyc=471
13:49:31 car=True|11|6.0 pire=89.0% pub=20.65 biais=0.0 cyc=471
13:49:36 car=True|11|6.0 pire=49.8% pub=11.99 biais=0.0 cyc=471
13:49:41 car=True|11|6.0 pire=49.9% pub=11.99 biais=0.0 cyc=471
13:49:47 car=True|11|6.0 pire=49.9% pub=12.0 biais=0.0 cyc=471
13:49:52 car=True|11|6.0 pire=49.8% pub=12.0 biais=0.0 cyc=471
13:49:57 car=True|11|6.1 pire=50.0% pub=12.03 biais=0.0 cyc=471
13:50:02 car=True|11|6.1 pire=50.1% pub=12.03 biais=0.0 cyc=471
13:50:07 car=True|11|6.1 pire=50.1% pub=12.04 biais=0.0 cyc=471
13:50:13 car=True|11|6.1 pire=50.2% pub=12.05 biais=0.0 cyc=471
13:50:18 car=True|11|6.1 pire=50.2% pub=12.05 biais=0.0 cyc=471
13:50:23 car=True|11|6.1 pire=50.1% pub=12.05 biais=0.0 cyc=471
13:50:28 car=True|11|6.1 pire=50.1% pub=12.03 biais=0.0 cyc=471
13:50:33 car=True|11|6.1 pire=50.2% pub=12.04 biais=0.0 cyc=471
13:50:40 car=True|11|6.0 pire=50.1% pub=12.03 biais=0.0 cyc=471
13:50:45 car=True|11|6.0 pire=49.9% pub=11.99 biais=0.0 cyc=471
13:50:50 car=True|11|6.0 pire=49.8% pub=11.97 biais=0.0 cyc=471
13:50:55 car=True|11|6.0 pire=49.8% pub=11.98 biais=0.0 cyc=471
13:51:01 car=True|11|6.0 pire=49.9% pub=11.96 biais=0.0 cyc=471
13:51:06 car=True|11|6.1 pire=49.8% pub=11.97 biais=0.0 cyc=471
13:51:12 car=True|11|6.1 pire=50.1% pub=12.03 biais=0.0 cyc=471
13:51:17 car=True|11|6.1 pire=50.1% pub=12.05 biais=0.0 cyc=471
13:51:22 car=True|11|6.1 pire=50.2% pub=12.03 biais=0.0 cyc=471
13:51:27 car=True|11|6.1 pire=50.1% pub=12.04 biais=0.0 cyc=471
13:51:32 car=True|11|6.1 pire=50.1% pub=12.04 biais=0.0 cyc=471
13:51:37 car=True|11|6.1 pire=50.1% pub=12.04 biais=0.0 cyc=471
13:51:43 car=True|11|6.1 pire=50.1% pub=12.04 biais=0.0 cyc=471
13:51:48 car=True|11|6.1 pire=50.1% pub=12.04 biais=0.0 cyc=471
13:51:53 car=True|11|6.1 pire=50.1% pub=12.04 biais=0.0 cyc=471
13:51:58 car=True|11|6.1 pire=50.0% pub=12.03 biais=0.0 cyc=471
13:52:04 car=True|11|6.1 pire=50.1% pub=12.03 biais=0.0 cyc=471
13:52:09 car=True|11|6.0 pire=49.8% pub=11.97 biais=0.0 cyc=471
13:52:15 car=True|11|6.0 pire=49.7% pub=11.96 biais=0.0 cyc=471
13:52:20 car=True|11|6.0 pire=49.7% pub=11.96 biais=0.0 cyc=471
13:52:25 car=True|11|6.0 pire=49.8% pub=12.03 biais=0.0 cyc=471
13:52:30 car=True|11|6.0 pire=49.8% pub=11.96 biais=0.0 cyc=471
13:52:35 car=True|11|6.1 pire=49.7% pub=11.95 biais=0.0 cyc=471
13:52:41 car=True|11|6.1 pire=50.0% pub=12.01 biais=0.0 cyc=471
13:52:46 car=True|11|6.1 pire=50.1% pub=12.04 biais=0.0 cyc=471
13:52:51 car=True|11|6.1 pire=50.1% pub=12.04 biais=0.0 cyc=471
13:52:56 car=True|11|6.1 pire=50.1% pub=12.04 biais=0.0 cyc=471
13:53:02 car=True|11|6.1 pire=50.1% pub=12.04 biais=0.0 cyc=471
13:53:07 car=True|11|6.1 pire=50.1% pub=12.02 biais=0.0 cyc=471
13:53:13 car=True|11|6.1 pire=50.2% pub=12.06 biais=0.0 cyc=471
13:53:18 car=True|11|6.1 pire=50.2% pub=12.06 biais=0.0 cyc=471
13:53:23 car=True|11|6.1 pire=50.1% pub=12.06 biais=0.0 cyc=471
13:53:28 car=True|11|6.1 pire=50.1% pub=12.05 biais=0.0 cyc=471
13:53:33 car=True|11|6.1 pire=50.1% pub=12.04 biais=0.0 cyc=471
13:53:39 car=True|11|6.1 pire=50.2% pub=12.04 biais=0.0 cyc=471
13:53:44 car=True|11|6.1 pire=50.2% pub=12.03 biais=0.0 cyc=471
13:53:49 car=True|11|6.1 pire=50.1% pub=12.05 biais=0.0 cyc=471
13:53:54 car=True|11|6.0 pire=50.1% pub=12.01 biais=0.0 cyc=471
13:53:59 car=True|11|6.0 pire=49.8% pub=11.97 biais=0.0 cyc=471
13:54:07 car=True|11|6.0 pire=49.8% pub=11.97 biais=0.0 cyc=471
13:54:14 car=True|11|6.0 pire=49.7% pub=11.96 biais=0.0 cyc=471
13:54:19 car=True|11|6.1 pire=49.7% pub=11.96 biais=0.0 cyc=471
13:54:25 car=True|11|6.1 pire=49.7% pub=12.02 biais=0.0 cyc=471
13:54:30 car=True|11|6.1 pire=50.0% pub=12.01 biais=0.0 cyc=471
13:54:35 car=True|11|6.1 pire=50.0% pub=12.03 biais=0.0 cyc=471
13:54:40 car=True|11|6.0 pire=50.0% pub=12.03 biais=0.0 cyc=471
13:54:46 car=True|11|6.0 pire=49.7% pub=11.95 biais=0.0 cyc=471
13:54:51 car=True|11|6.1 pire=49.9% pub=11.95 biais=0.0 cyc=471
13:54:56 car=True|11|6.1 pire=50.0% pub=12.01 biais=0.0 cyc=471
13:55:01 car=True|11|6.1 pire=50.0% pub=12.01 biais=0.0 cyc=471
13:55:07 car=True|11|6.1 pire=50.0% pub=12.02 biais=0.0 cyc=471
13:55:12 car=True|11|6.1 pire=33.8% pub=8.45 biais=0.0 cyc=471
13:55:17 car=True|11|6.1 pire=33.2% pub=8.45 biais=0.0 cyc=471
13:55:22 car=True|11|6.1 pire=33.2% pub=8.47 biais=0.0 cyc=471
13:55:28 car=True|11|6.1 pire=33.2% pub=8.46 biais=0.0 cyc=471
13:55:33 car=True|11|6.1 pire=33.4% pub=8.44 biais=0.0 cyc=471
13:55:38 car=True|11|6.1 pire=33.6% pub=8.44 biais=0.0 cyc=471
13:55:44 car=True|11|6.1 pire=33.3% pub=8.54 biais=0.0 cyc=471
13:55:49 car=True|11|6.1 pire=33.8% pub=8.7 biais=0.0 cyc=471
13:55:54 car=True|11|6.1 pire=?% pub=? biais=0.0 cyc=471
13:56:10 car=True|11|6.1 pire=33.9% pub=8.75 biais=0.0 cyc=471
13:56:18 car=True|11|6.1 pire=33.4% pub=8.61 biais=0.0 cyc=471
13:56:28 car=True|11|6.1 pire=34.1% pub=8.63 biais=0.0 cyc=471
13:56:34 car=True|11|6.1 pire=34.3% pub=8.51 biais=0.0 cyc=471
13:56:39 car=True|11|6.1 pire=?% pub=8.75 biais=0.0 cyc=471
13:56:57 car=True|11|6.1 pire=35.7% pub=8.64 biais=0.0 cyc=471
13:57:02 car=True|11|6.1 pire=34.6% pub=8.71 biais=0.0 cyc=471
13:57:07 car=True|11|6.1 pire=34.3% pub=8.77 biais=0.0 cyc=471
13:57:12 car=True|11|6.1 pire=36.1% pub=8.61 biais=0.0 cyc=471
13:57:17 car=True|11|6.1 pire=34.6% pub=8.68 biais=0.0 cyc=471
13:57:23 car=True|11|6.1 pire=34.5% pub=8.73 biais=0.0 cyc=471
13:57:28 car=True|11|6.1 pire=35.3% pub=8.47 biais=0.0 cyc=471
13:57:33 car=True|11|6.1 pire=35.0% pub=9.07 biais=0.0 cyc=471
13:57:38 car=True|11|6.1 pire=35.0% pub=8.85 biais=0.0 cyc=471
13:57:44 car=True|11|6.1 pire=34.3% pub=8.47 biais=0.0 cyc=471
13:57:49 car=True|11|6.1 pire=35.3% pub=8.99 biais=0.0 cyc=471
13:57:54 car=True|11|6.1 pire=34.4% pub=8.89 biais=0.0 cyc=471
13:57:59 car=True|11|6.1 pire=33.8% pub=8.64 biais=0.0 cyc=471
13:58:04 car=True|11|6.1 pire=35.9% pub=9.02 biais=0.0 cyc=471
13:58:10 car=True|11|6.1 pire=36.0% pub=9.02 biais=0.0 cyc=471
13:58:15 car=True|11|6.1 pire=35.7% pub=8.69 biais=0.0 cyc=471
13:58:20 car=True|11|6.1 pire=35.2% pub=8.87 biais=0.0 cyc=471
13:58:25 car=True|11|6.1 pire=36.4% pub=9.09 biais=0.0 cyc=471
13:58:30 car=True|11|6.1 pire=34.1% pub=8.54 biais=0.0 cyc=471
13:58:36 car=True|11|6.1 pire=38.0% pub=9.48 biais=0.0 cyc=471
13:58:41 car=True|11|6.1 pire=36.9% pub=9.25 biais=0.0 cyc=471
13:58:46 car=True|11|6.1 pire=33.8% pub=8.5 biais=0.0 cyc=471
13:58:51 car=True|11|6.1 pire=35.3% pub=8.49 biais=0.0 cyc=471
13:58:56 car=True|11|6.1 pire=38.0% pub=9.45 biais=0.0 cyc=471
13:59:02 car=True|11|6.1 pire=37.8% pub=9.52 biais=0.0 cyc=471
13:59:07 car=True|11|6.1 pire=38.4% pub=9.42 biais=0.0 cyc=471
13:59:12 car=True|11|6.1 pire=38.7% pub=9.63 biais=0.0 cyc=471
13:59:17 car=True|11|6.1 pire=39.1% pub=9.71 biais=0.0 cyc=471
13:59:22 car=True|11|6.1 pire=36.7% pub=8.54 biais=0.0 cyc=471
13:59:28 car=True|11|6.1 pire=37.7% pub=9.9 biais=0.0 cyc=471
13:59:33 car=True|11|6.1 pire=38.0% pub=9.47 biais=0.0 cyc=471
13:59:38 car=True|11|6.1 pire=38.2% pub=9.44 biais=0.0 cyc=471
13:59:43 car=True|11|6.0 pire=38.2% pub=9.56 biais=0.0 cyc=471
13:59:48 car=True|11|6.1 pire=33.2% pub=9.32 biais=0.0 cyc=471
13:59:54 car=True|11|6.1 pire=35.1% pub=8.42 biais=0.0 cyc=471
13:59:59 car=True|11|6.1 pire=38.0% pub=9.33 biais=0.0 cyc=471
14:00:04 car=True|11|6.1 pire=38.0% pub=9.42 biais=0.0 cyc=471
14:00:09 car=True|11|6.1 pire=37.8% pub=9.39 biais=0.0 cyc=471
14:00:15 car=True|11|6.1 pire=38.0% pub=9.44 biais=0.0 cyc=471
14:00:20 car=True|11|6.1 pire=33.1% pub=8.42 biais=0.0 cyc=471
14:00:25 car=True|11|6.1 pire=39.2% pub=8.83 biais=0.0 cyc=471
14:00:30 car=True|11|6.1 pire=38.1% pub=9.47 biais=0.0 cyc=471
14:00:35 car=True|11|6.1 pire=37.4% pub=9.32 biais=0.0 cyc=471
14:00:41 car=True|11|6.1 pire=37.9% pub=9.45 biais=0.0 cyc=471
14:00:46 car=True|11|6.1 pire=38.1% pub=9.46 biais=0.0 cyc=471
14:00:51 car=True|11|6.1 pire=37.6% pub=9.38 biais=0.0 cyc=471
14:00:56 car=True|11|6.1 pire=37.8% pub=8.83 biais=0.0 cyc=471
14:01:01 car=True|11|6.1 pire=37.8% pub=9.47 biais=0.0 cyc=471
14:01:07 car=True|11|6.1 pire=37.8% pub=9.41 biais=0.0 cyc=471
14:01:12 car=True|11|6.1 pire=37.7% pub=9.47 biais=0.0 cyc=471
14:01:17 car=True|11|6.1 pire=38.0% pub=9.47 biais=0.0 cyc=471
14:01:22 car=True|11|6.1 pire=33.2% pub=9.46 biais=0.0 cyc=471
14:01:28 car=True|11|6.1 pire=35.4% pub=8.62 biais=0.0 cyc=471
14:01:33 car=True|11|6.1 pire=37.6% pub=9.5 biais=0.0 cyc=471
14:01:38 car=True|11|6.1 pire=37.6% pub=9.37 biais=0.0 cyc=471
14:01:43 car=True|11|6.1 pire=37.9% pub=9.45 biais=0.0 cyc=471
14:01:48 car=True|11|6.1 pire=36.2% pub=9.43 biais=0.0 cyc=471
14:01:54 car=True|11|6.1 pire=33.6% pub=8.54 biais=0.0 cyc=471
14:01:59 car=True|11|6.1 pire=34.2% pub=8.5 biais=0.0 cyc=471
14:02:04 car=True|11|6.1 pire=33.9% pub=8.65 biais=0.0 cyc=471
14:02:09 car=True|11|6.1 pire=34.1% pub=8.63 biais=0.0 cyc=471
14:02:14 car=True|11|6.1 pire=34.8% pub=9.19 biais=0.0 cyc=471
14:02:20 car=True|11|6.1 pire=36.3% pub=9.11 biais=0.0 cyc=471
14:02:25 car=True|11|6.1 pire=36.2% pub=9.08 biais=0.0 cyc=471
14:02:30 car=True|11|6.1 pire=34.7% pub=8.76 biais=0.0 cyc=471
14:02:35 car=True|11|6.1 pire=33.4% pub=8.46 biais=0.0 cyc=471
14:02:40 car=True|11|6.1 pire=33.6% pub=8.53 biais=0.0 cyc=471
14:02:46 car=True|11|6.1 pire=33.3% pub=8.47 biais=0.0 cyc=471
14:02:51 car=True|11|6.1 pire=33.7% pub=8.51 biais=0.0 cyc=471
14:02:56 car=True|11|6.1 pire=33.3% pub=8.49 biais=0.0 cyc=471
14:03:01 car=True|11|6.1 pire=33.1% pub=8.42 biais=0.0 cyc=471
14:03:06 car=True|11|6.1 pire=33.1% pub=8.44 biais=0.0 cyc=471
14:03:12 car=True|11|6.1 pire=33.3% pub=8.43 biais=0.0 cyc=471
14:03:17 car=True|11|6.1 pire=37.2% pub=8.63 biais=0.0 cyc=471
14:03:22 car=True|11|6.1 pire=36.3% pub=9.03 biais=0.0 cyc=471
14:03:27 car=True|11|6.1 pire=33.9% pub=8.72 biais=0.0 cyc=471
14:03:33 car=True|11|6.1 pire=33.8% pub=8.57 biais=0.0 cyc=471
14:03:38 car=True|11|6.1 pire=33.6% pub=8.53 biais=0.0 cyc=471
14:03:43 car=True|11|6.1 pire=34.7% pub=8.52 biais=0.0 cyc=471
14:03:48 car=True|11|6.1 pire=33.9% pub=8.56 biais=0.0 cyc=471
14:03:53 car=True|11|6.1 pire=34.1% pub=8.63 biais=0.0 cyc=471
14:03:59 car=True|11|6.1 pire=33.1% pub=8.58 biais=0.0 cyc=471
14:04:04 car=True|11|6.1 pire=33.3% pub=8.46 biais=0.0 cyc=471
14:04:11 car=True|11|6.1 pire=34.1% pub=8.44 biais=0.0 cyc=471
14:04:19 car=True|11|6.1 pire=35.2% pub=8.78 biais=0.0 cyc=471
14:04:25 car=True|11|6.1 pire=34.2% pub=8.66 biais=0.0 cyc=471
14:04:30 car=True|11|6.1 pire=33.5% pub=8.53 biais=0.0 cyc=471
14:04:35 car=True|11|6.1 pire=33.4% pub=8.5 biais=0.0 cyc=471
14:04:40 car=True|11|6.0 pire=33.4% pub=8.49 biais=0.0 cyc=471
14:04:45 car=True|11|6.1 pire=34.3% pub=8.7 biais=0.0 cyc=471
14:04:51 car=True|11|6.1 pire=35.0% pub=8.79 biais=0.0 cyc=471
14:04:56 car=True|11|6.1 pire=35.3% pub=8.89 biais=0.0 cyc=471
14:05:01 car=True|11|6.1 pire=36.2% pub=8.97 biais=0.0 cyc=471
14:05:06 car=True|11|6.1 pire=33.7% pub=8.78 biais=0.0 cyc=471
14:05:11 car=True|11|6.1 pire=33.5% pub=8.52 biais=0.0 cyc=471
14:05:17 car=True|11|6.1 pire=33.3% pub=8.5 biais=0.0 cyc=471
14:05:22 car=True|11|6.1 pire=33.4% pub=8.5 biais=0.0 cyc=471
14:05:27 car=True|11|6.1 pire=33.6% pub=8.52 biais=0.0 cyc=471
14:05:32 car=True|11|6.1 pire=34.5% pub=8.72 biais=0.0 cyc=471
14:05:37 car=True|11|6.1 pire=34.8% pub=8.76 biais=0.0 cyc=471
14:05:43 car=True|11|6.1 pire=35.6% pub=9.01 biais=0.0 cyc=471
14:05:49 car=True|11|6.1 pire=35.2% pub=8.87 biais=0.0 cyc=471
14:05:55 car=True|11|6.1 pire=35.2% pub=8.87 biais=0.0 cyc=471
14:06:00 car=True|11|6.1 pire=34.6% pub=8.72 biais=0.0 cyc=471
14:06:05 car=True|11|6.1 pire=34.6% pub=8.74 biais=0.0 cyc=471
14:06:10 car=True|11|6.1 pire=34.5% pub=8.71 biais=0.0 cyc=471
14:06:15 car=True|11|6.1 pire=34.6% pub=8.68 biais=0.0 cyc=471
14:06:21 car=True|11|6.1 pire=34.5% pub=8.74 biais=0.0 cyc=471
14:06:26 car=True|11|6.1 pire=34.4% pub=8.72 biais=0.0 cyc=471
14:06:31 car=True|11|6.1 pire=34.4% pub=8.68 biais=0.0 cyc=471
14:06:36 car=True|11|6.1 pire=35.2% pub=8.82 biais=0.0 cyc=471
14:06:41 car=True|11|6.1 pire=35.4% pub=8.9 biais=0.0 cyc=471
14:06:47 car=True|11|6.1 pire=35.8% pub=8.9 biais=0.0 cyc=471
14:06:52 car=True|11|6.1 pire=34.9% pub=8.98 biais=0.0 cyc=471
14:06:57 car=True|11|6.1 pire=34.6% pub=8.82 biais=0.0 cyc=471
14:07:03 car=True|11|6.1 pire=34.9% pub=8.74 biais=0.0 cyc=471
14:07:08 car=True|11|6.1 pire=34.9% pub=8.8 biais=0.0 cyc=471
14:07:13 car=True|11|6.1 pire=34.6% pub=8.8 biais=0.0 cyc=471
14:07:19 car=True|11|6.1 pire=34.7% pub=8.77 biais=0.0 cyc=471
14:07:24 car=True|11|6.1 pire=34.7% pub=8.8 biais=0.0 cyc=471
14:07:29 car=True|11|6.1 pire=34.9% pub=8.8 biais=0.0 cyc=471
14:07:34 car=True|11|6.1 pire=35.4% pub=8.9 biais=0.0 cyc=471
14:07:41 car=True|11|6.1 pire=36.0% pub=9.05 biais=0.0 cyc=471
14:07:46 car=True|11|6.1 pire=36.3% pub=9.03 biais=0.0 cyc=471
14:07:51 car=True|11|6.1 pire=36.0% pub=9.17 biais=0.0 cyc=471
14:07:57 car=True|11|6.1 pire=36.6% pub=9.15 biais=0.0 cyc=471
14:08:03 car=True|11|6.1 pire=36.9% pub=9.16 biais=0.0 cyc=471
14:08:08 car=True|11|6.1 pire=37.3% pub=9.36 biais=0.0 cyc=471
14:08:13 car=True|11|6.1 pire=37.1% pub=9.31 biais=0.0 cyc=471
14:08:18 car=True|11|6.1 pire=37.4% pub=9.29 biais=0.0 cyc=471
14:08:23 car=True|11|6.1 pire=38.1% pub=9.49 biais=0.0 cyc=471
14:08:29 car=True|11|6.1 pire=38.0% pub=9.45 biais=0.0 cyc=471
14:08:34 car=True|11|6.1 pire=37.0% pub=9.49 biais=0.0 cyc=471
14:08:39 car=True|11|6.1 pire=37.7% pub=9.38 biais=0.0 cyc=471
14:08:44 car=True|11|6.1 pire=37.7% pub=9.39 biais=0.0 cyc=471
14:08:49 car=True|11|6.1 pire=38.1% pub=9.47 biais=0.0 cyc=471
14:08:55 car=True|11|6.1 pire=38.1% pub=9.47 biais=0.0 cyc=471
14:09:00 car=True|11|6.1 pire=39.0% pub=9.66 biais=0.0 cyc=471
14:09:05 car=True|11|6.1 pire=38.4% pub=9.53 biais=0.0 cyc=471
14:09:10 car=True|11|6.1 pire=39.4% pub=9.63 biais=0.0 cyc=471
14:09:16 car=True|11|6.1 pire=39.5% pub=9.68 biais=0.0 cyc=471
14:09:22 car=True|11|6.1 pire=39.4% pub=9.82 biais=0.0 cyc=471
14:09:28 car=True|11|6.1 pire=39.5% pub=9.8 biais=0.0 cyc=471
14:09:33 car=True|11|6.1 pire=39.8% pub=9.8 biais=0.0 cyc=471
14:09:38 car=True|11|6.1 pire=39.8% pub=9.86 biais=0.0 cyc=471
14:09:43 car=True|11|6.1 pire=39.7% pub=9.85 biais=0.0 cyc=471
14:09:48 car=True|11|6.1 pire=39.1% pub=9.74 biais=0.0 cyc=471
14:09:54 car=True|11|6.1 pire=39.0% pub=9.71 biais=0.0 cyc=471
14:09:59 car=True|11|6.1 pire=38.7% pub=9.69 biais=0.0 cyc=471
14:10:04 car=True|11|6.1 pire=39.2% pub=9.66 biais=0.0 cyc=471
14:10:09 car=True|11|6.1 pire=38.9% pub=9.7 biais=0.0 cyc=471
14:10:14 car=True|11|6.1 pire=38.8% pub=9.69 biais=0.0 cyc=471
14:10:20 car=True|11|6.1 pire=39.2% pub=9.77 biais=0.0 cyc=471
14:10:25 car=True|11|6.1 pire=39.9% pub=9.91 biais=0.0 cyc=471
14:10:30 car=True|11|6.1 pire=40.0% pub=9.94 biais=0.0 cyc=471
14:10:35 car=True|11|6.1 pire=40.4% pub=10.03 biais=0.0 cyc=471
14:10:41 car=True|11|6.1 pire=33.1% pub=10.07 biais=0.0 cyc=471
14:10:46 car=True|11|6.1 pire=33.4% pub=8.58 biais=0.0 cyc=471
14:10:51 car=True|11|6.1 pire=33.3% pub=8.52 biais=0.0 cyc=471
14:10:56 car=True|11|6.1 pire=33.4% pub=8.6 biais=0.0 cyc=471
14:11:02 car=True|11|6.1 pire=33.1% pub=8.45 biais=0.0 cyc=471
14:11:07 car=True|11|6.1 pire=33.4% pub=8.52 biais=0.0 cyc=471
14:11:12 car=True|11|6.1 pire=33.2% pub=8.51 biais=0.0 cyc=471
14:11:19 car=True|11|6.1 pire=33.3% pub=8.5 biais=0.0 cyc=471
14:11:24 car=True|11|6.1 pire=33.3% pub=8.49 biais=0.0 cyc=471
14:11:29 car=True|11|6.1 pire=33.1% pub=8.49 biais=0.0 cyc=471
14:11:34 car=True|11|6.1 pire=33.4% pub=8.57 biais=0.0 cyc=471
14:11:40 car=True|11|6.1 pire=33.1% pub=8.49 biais=0.0 cyc=471
14:11:45 car=True|11|6.1 pire=33.2% pub=8.48 biais=0.0 cyc=471
14:11:50 car=True|11|6.1 pire=33.1% pub=8.5 biais=0.0 cyc=471
14:11:55 car=True|11|6.1 pire=33.5% pub=8.56 biais=0.0 cyc=471
14:12:00 car=True|11|6.0 pire=33.2% pub=8.48 biais=0.0 cyc=471
14:12:05 car=True|11|6.0 pire=32.8% pub=8.46 biais=0.0 cyc=471
14:12:11 car=True|11|6.0 pire=32.9% pub=8.43 biais=0.0 cyc=471
14:12:16 car=True|11|6.1 pire=33.4% pub=8.45 biais=0.0 cyc=471
14:12:21 car=True|11|6.1 pire=33.4% pub=8.49 biais=0.0 cyc=471
14:12:26 car=True|11|6.1 pire=33.2% pub=8.53 biais=0.0 cyc=471
14:12:32 car=True|11|6.1 pire=33.2% pub=8.46 biais=0.0 cyc=471
14:12:37 car=True|11|6.1 pire=33.5% pub=8.47 biais=0.0 cyc=471
14:12:42 car=True|11|6.1 pire=33.1% pub=8.48 biais=0.0 cyc=471
14:12:47 car=True|11|6.1 pire=33.3% pub=8.53 biais=0.0 cyc=471
14:12:53 car=True|11|6.1 pire=33.1% pub=8.48 biais=0.0 cyc=471
14:12:58 car=True|11|6.1 pire=33.2% pub=8.45 biais=0.0 cyc=471
14:13:03 car=True|11|6.1 pire=33.3% pub=8.45 biais=0.0 cyc=471
14:13:08 car=True|11|6.1 pire=33.6% pub=8.52 biais=0.0 cyc=471
14:13:13 car=True|11|6.1 pire=33.4% pub=8.54 biais=0.0 cyc=471
14:13:18 car=True|11|6.1 pire=33.5% pub=8.53 biais=0.0 cyc=471
14:13:24 car=True|11|6.1 pire=33.2% pub=8.53 biais=0.0 cyc=471
14:13:29 car=True|11|6.1 pire=33.3% pub=8.52 biais=0.0 cyc=471
14:13:34 car=True|11|6.1 pire=33.2% pub=8.5 biais=0.0 cyc=471
14:13:39 car=True|11|6.1 pire=33.1% pub=8.49 biais=0.0 cyc=471
14:13:44 car=True|11|6.1 pire=33.0% pub=8.43 biais=0.0 cyc=471
14:13:50 car=True|11|6.1 pire=32.7% pub=8.4 biais=0.0 cyc=471
14:13:55 car=True|11|6.1 pire=32.5% pub=8.41 biais=0.0 cyc=471
14:14:00 car=True|11|6.1 pire=32.8% pub=8.37 biais=0.0 cyc=471
14:14:05 car=True|11|6.1 pire=32.6% pub=8.37 biais=0.0 cyc=471
14:14:11 car=True|11|6.1 pire=32.6% pub=8.45 biais=0.0 cyc=471
14:14:16 car=True|11|6.1 pire=32.6% pub=8.35 biais=0.0 cyc=471
14:14:21 car=True|11|6.1 pire=32.7% pub=8.38 biais=0.0 cyc=471
14:14:26 car=True|11|6.1 pire=32.6% pub=8.37 biais=0.0 cyc=471
14:14:31 car=True|11|6.0 pire=32.7% pub=8.38 biais=0.0 cyc=471
14:14:37 car=True|11|6.0 pire=32.6% pub=8.31 biais=0.0 cyc=471
14:14:42 car=True|11|6.1 pire=32.6% pub=8.32 biais=0.0 cyc=471
14:14:47 car=True|11|6.1 pire=32.7% pub=8.35 biais=0.0 cyc=471
14:14:52 car=True|11|6.1 pire=32.8% pub=8.41 biais=0.0 cyc=471
14:14:58 car=True|11|6.0 pire=32.6% pub=8.36 biais=0.0 cyc=471
14:15:03 car=True|11|6.0 pire=32.5% pub=8.32 biais=0.0 cyc=471
14:15:08 car=True|11|6.1 pire=32.6% pub=8.31 biais=0.0 cyc=471
14:15:13 car=True|11|6.1 pire=32.7% pub=8.35 biais=0.0 cyc=471
14:15:18 car=True|11|6.1 pire=32.7% pub=8.34 biais=0.0 cyc=471
14:15:24 car=True|11|6.1 pire=32.6% pub=8.36 biais=0.0 cyc=471
14:15:29 car=True|11|6.1 pire=32.7% pub=8.34 biais=0.0 cyc=471
14:15:34 car=True|11|6.1 pire=32.7% pub=8.37 biais=0.0 cyc=471
14:15:39 car=True|11|6.1 pire=32.7% pub=8.38 biais=0.0 cyc=471
14:15:44 car=True|11|6.1 pire=32.6% pub=8.34 biais=0.0 cyc=471
FIN TRACE
