18:34:53 *** CYCLES 473 -> 475 ***
18:34:53 car=True|11|5.4 pire=12.6% pub=3.1 biais=0.0
18:34:59 car=True|11|9.1 pire=31.6% pub=6.16 biais=0.0
18:35:04 car=True|11|9.1 pire=44.1% pub=8.26 biais=0.0
18:35:09 car=True|11|9.1 pire=47.2% pub=11.02 biais=0.0
18:35:15 car=True|11|9.1 pire=47.0% pub=11.46 biais=0.0
18:35:20 car=True|11|9.0 pire=46.8% pub=11.49 biais=0.0
18:35:25 car=True|11|9.0 pire=47.0% pub=11.44 biais=0.0
18:35:30 car=True|11|9.1 pire=46.5% pub=11.41 biais=0.0
18:35:36 car=True|11|9.0 pire=46.8% pub=11.45 biais=0.0
18:35:41 car=True|11|9.1 pire=46.5% pub=11.39 biais=0.0
18:35:46 car=True|11|9.1 pire=46.8% pub=11.41 biais=0.0
18:35:54 car=True|11|9.0 pire=47.2% pub=11.48 biais=0.0
18:36:00 car=True|11|9.1 pire=46.7% pub=11.41 biais=0.0
18:36:05 car=True|11|9.0 pire=46.6% pub=11.5 biais=0.0
18:36:10 car=True|11|9.1 pire=46.4% pub=11.42 biais=0.0
18:36:15 car=?|?|? pire=46.7% pub=11.43 biais=0.0
18:36:24 car=True|11|9.0 pire=46.7% pub=11.45 biais=0.0
18:36:30 car=True|11|9.0 pire=47.0% pub=11.51 biais=0.0
18:36:35 car=True|11|9.1 pire=46.6% pub=11.42 biais=0.0
18:36:40 car=True|11|9.0 pire=47.0% pub=11.5 biais=0.0
18:36:45 car=True|11|9.0 pire=46.9% pub=11.48 biais=0.0
18:36:50 car=True|11|9.1 pire=46.6% pub=11.42 biais=0.0
18:36:55 car=True|11|9.1 pire=46.7% pub=11.51 biais=0.0
18:37:01 car=True|11|9.0 pire=46.8% pub=11.43 biais=0.0
18:37:06 car=True|11|9.1 pire=46.8% pub=11.48 biais=0.0
18:37:11 car=True|11|9.0 pire=46.6% pub=11.42 biais=0.0
18:37:16 car=True|11|9.1 pire=46.6% pub=11.38 biais=0.0
18:37:21 car=?|?|? pire=46.7% pub=11.45 biais=0.0
18:37:31 car=True|11|9.0 pire=46.7% pub=11.44 biais=0.0
18:37:36 car=True|11|9.1 pire=46.7% pub=11.41 biais=0.0
18:37:41 car=True|11|12.6 pire=46.7% pub=11.43 biais=0.0
18:37:49 car=True|11|16.0 pire=68.0% pub=11.75 biais=0.0
18:37:55 car=True|11|16.0 pire=78.9% pub=18.13 biais=0.0
18:38:00 car=True|11|15.9 pire=78.6% pub=18.53 biais=0.0
18:38:09 car=True|11|16.0 pire=78.4% pub=18.41 biais=0.0
18:38:14 car=True|11|16.0 pire=79.0% pub=18.49 biais=0.0
18:38:22 car=True|11|15.9 pire=78.3% pub=18.38 biais=0.0
18:38:27 car=True|11|16.1 pire=79.0% pub=18.33 biais=0.0
18:38:32 car=True|11|15.8 pire=79.0% pub=18.47 biais=0.0
18:38:37 car=True|11|15.9 pire=78.9% pub=18.33 biais=0.0
18:38:43 car=True|11|15.9 pire=79.7% pub=18.29 biais=0.0
18:38:48 car=True|11|15.9 pire=79.5% pub=18.36 biais=0.0
18:38:54 car=True|11|15.9 pire=79.5% pub=18.29 biais=0.0
18:39:00 car=True|11|15.9 pire=79.6% pub=18.39 biais=0.0
18:39:05 car=True|11|16.0 pire=78.9% pub=18.31 biais=0.0
18:39:10 car=True|11|15.9 pire=80.0% pub=18.5 biais=0.0
18:39:15 car=True|11|15.9 pire=79.2% pub=18.34 biais=0.0
18:39:20 car=True|11|15.9 pire=79.8% pub=18.45 biais=0.0
18:39:26 car=True|11|16.0 pire=79.3% pub=18.34 biais=0.0
18:39:31 car=True|11|15.9 pire=80.0% pub=18.47 biais=0.0
18:39:36 car=True|11|16.0 pire=79.4% pub=18.29 biais=0.0
18:39:41 car=True|11|15.9 pire=80.0% pub=18.49 biais=0.0
18:39:46 car=True|11|15.8 pire=79.9% pub=18.39 biais=0.0
18:39:53 car=True|11|16.0 pire=79.2% pub=18.46 biais=0.0
18:39:58 car=True|11|15.9 pire=79.9% pub=18.31 biais=0.0
18:40:03 car=True|11|16.0 pire=79.7% pub=18.36 biais=0.0
18:40:09 car=True|11|15.8 pire=80.1% pub=18.35 biais=0.0
18:40:14 car=True|11|16.0 pire=79.7% pub=18.39 biais=0.0
18:40:21 car=True|11|15.9 pire=79.6% pub=18.54 biais=0.0
18:40:27 car=True|11|16.0 pire=79.4% pub=18.37 biais=0.0
18:40:32 car=True|11|15.8 pire=80.0% pub=18.38 biais=0.0
18:40:37 car=True|11|16.0 pire=79.4% pub=18.48 biais=0.0
18:40:42 car=True|11|15.8 pire=80.2% pub=18.47 biais=0.0
18:40:48 car=True|11|16.0 pire=79.1% pub=18.34 biais=0.0
18:40:53 car=True|11|15.9 pire=79.9% pub=18.36 biais=0.0
18:40:58 car=True|11|16.0 pire=79.6% pub=18.38 biais=0.0
18:41:04 car=True|11|15.8 pire=79.3% pub=18.38 biais=0.0
18:41:09 car=True|11|16.0 pire=79.0% pub=18.35 biais=0.0
18:41:14 car=True|11|15.9 pire=80.2% pub=18.32 biais=0.0
18:41:20 car=True|11|16.0 pire=79.4% pub=18.36 biais=0.0
18:41:27 car=True|11|16.0 pire=79.8% pub=18.57 biais=0.0
18:41:32 car=True|11|15.9 pire=79.8% pub=18.34 biais=0.0
18:41:40 car=True|11|15.9 pire=79.6% pub=18.47 biais=0.0
18:41:45 car=True|11|16.0 pire=79.2% pub=18.37 biais=0.0
18:41:51 car=True|11|15.9 pire=79.9% pub=18.48 biais=0.0
18:41:56 car=True|11|15.9 pire=79.8% pub=18.36 biais=0.0
18:42:01 car=True|11|15.9 pire=80.0% pub=18.5 biais=0.0
18:42:06 car=True|11|16.0 pire=79.3% pub=18.33 biais=0.0
18:42:11 car=True|11|15.9 pire=80.0% pub=18.49 biais=0.0
18:42:17 car=True|11|16.0 pire=79.6% pub=18.35 biais=0.0
18:42:22 car=True|11|15.9 pire=79.8% pub=18.45 biais=0.0
18:42:27 car=True|11|16.0 pire=79.3% pub=18.28 biais=0.0
18:42:32 car=True|11|15.9 pire=79.9% pub=18.41 biais=0.0
18:42:37 car=True|11|15.9 pire=79.7% pub=18.43 biais=0.0
18:42:42 car=True|11|16.0 pire=79.6% pub=18.3 biais=0.0
18:42:48 car=True|11|15.9 pire=79.9% pub=18.46 biais=0.0
18:42:53 car=True|11|15.9 pire=79.8% pub=18.36 biais=0.0
18:42:58 car=True|11|15.8 pire=79.8% pub=18.5 biais=0.0
18:43:03 car=True|11|16.0 pire=79.3% pub=18.27 biais=0.0
18:43:08 car=True|11|15.9 pire=80.1% pub=18.26 biais=0.0
18:43:14 car=True|11|15.9 pire=79.2% pub=18.36 biais=0.0
18:43:19 car=True|11|16.0 pire=79.6% pub=18.4 biais=0.0
18:43:24 car=True|11|15.9 pire=80.2% pub=18.36 biais=0.0
18:43:29 car=True|11|16.0 pire=79.2% pub=18.33 biais=0.0
18:43:36 car=True|11|15.8 pire=79.8% pub=18.41 biais=0.0
18:43:41 car=True|11|15.9 pire=79.7% pub=18.34 biais=0.0
18:43:49 car=True|11|16.0 pire=79.0% pub=18.39 biais=0.0
18:43:54 car=True|11|15.9 pire=79.4% pub=18.41 biais=0.0
18:44:04 car=True|11|15.9 pire=79.9% pub=18.33 biais=0.0
18:44:09 car=True|11|16.0 pire=79.0% pub=18.23 biais=0.0
18:44:16 car=True|11|15.8 pire=79.8% pub=18.38 biais=0.0
18:44:21 car=True|11|15.9 pire=79.2% pub=18.33 biais=0.0
18:44:26 car=True|11|15.9 pire=79.9% pub=18.37 biais=0.0
18:44:32 car=True|11|15.9 pire=79.7% pub=18.39 biais=0.0
18:44:37 car=?|?|? pire=80.1% pub=18.43 biais=0.0
18:44:47 car=True|11|15.9 pire=79.3% pub=18.26 biais=0.0
18:44:52 car=True|11|15.9 pire=79.6% pub=18.36 biais=0.0
18:44:58 car=True|11|15.8 pire=79.7% pub=18.48 biais=0.0
18:45:03 car=True|11|15.9 pire=80.2% pub=18.62 biais=0.0
18:45:13 car=True|11|15.8 pire=80.5% pub=18.67 biais=0.0
18:45:18 car=True|11|15.9 pire=80.4% pub=18.55 biais=0.0
18:45:23 car=True|11|15.8 pire=81.3% pub=18.57 biais=0.0
18:45:28 car=True|11|15.8 pire=86.0% pub=19.41 biais=0.0
18:45:43 car=True|11|15.8 pire=84.5% pub=19.44 biais=0.0
18:45:48 car=True|11|15.9 pire=84.7% pub=19.49 biais=0.0
18:45:53 car=True|11|16.0 pire=84.8% pub=19.49 biais=0.0
18:45:58 car=True|11|15.8 pire=84.9% pub=19.53 biais=0.0
18:46:04 car=True|11|16.0 pire=84.9% pub=19.41 biais=0.0
18:46:09 car=True|11|15.9 pire=85.4% pub=19.54 biais=0.0
18:46:14 car=True|11|15.8 pire=84.8% pub=19.57 biais=0.0
18:46:19 car=True|11|15.9 pire=85.2% pub=19.55 biais=0.0
18:46:25 car=True|11|15.9 pire=85.7% pub=19.7 biais=0.0
18:46:30 car=True|11|15.8 pire=85.4% pub=19.58 biais=0.0
18:46:35 car=True|11|16.0 pire=85.1% pub=19.62 biais=0.0
18:46:40 car=True|11|15.9 pire=86.2% pub=19.74 biais=0.0
18:46:46 car=True|11|15.9 pire=85.9% pub=19.77 biais=0.0
18:46:55 car=True|11|16.0 pire=86.1% pub=19.77 biais=0.0
18:47:00 car=True|11|15.8 pire=86.3% pub=19.83 biais=0.0
18:47:05 car=True|11|16.1 pire=85.7% pub=19.62 biais=0.0
18:47:10 car=True|11|16.0 pire=86.7% pub=19.91 biais=0.0
18:47:15 car=True|11|15.9 pire=86.1% pub=19.75 biais=0.0
18:47:21 car=True|11|15.9 pire=86.0% pub=19.77 biais=0.0
18:47:26 car=True|11|15.9 pire=85.8% pub=19.73 biais=0.0
18:47:31 car=True|11|15.9 pire=85.7% pub=19.77 biais=0.0
18:47:36 car=True|11|15.8 pire=88.1% pub=20.22 biais=0.0
18:47:41 car=True|11|15.9 pire=93.9% pub=20.9 biais=0.0
18:47:50 car=True|11|15.8 pire=95.4% pub=21.0 biais=0.0
18:47:55 car=True|11|15.9 pire=95.1% pub=20.9 biais=0.0
18:48:01 car=True|11|15.8 pire=96.1% pub=21.0 biais=0.0
18:48:06 car=True|11|15.9 pire=95.5% pub=20.9 biais=0.0
18:48:11 car=True|11|15.8 pire=96.7% pub=21.0 biais=0.0
18:48:16 car=True|11|15.8 pire=111.1% pub=20.9 biais=0.0
18:48:22 car=True|11|15.9 pire=109.5% pub=21.0 biais=0.0
18:48:27 car=True|11|15.8 pire=105.3% pub=20.9 biais=0.0
18:48:32 car=True|11|16.0 pire=96.5% pub=20.9 biais=0.0
18:48:38 car=True|11|15.8 pire=96.9% pub=20.9 biais=0.0
18:48:43 car=True|11|15.8 pire=96.4% pub=21.0 biais=0.0
18:48:48 car=True|11|15.9 pire=96.3% pub=21.0 biais=0.0
18:48:53 car=True|11|15.8 pire=96.5% pub=20.9 biais=0.0
18:48:58 car=True|11|15.9 pire=96.2% pub=21.0 biais=0.0
18:49:06 car=True|11|15.9 pire=96.4% pub=21.0 biais=0.0
18:49:11 car=True|11|15.8 pire=96.1% pub=21.0 biais=0.0
18:49:16 car=True|11|15.9 pire=95.9% pub=20.9 biais=0.0
18:49:22 car=True|11|15.8 pire=96.5% pub=20.9 biais=0.0
18:49:28 car=?|?|? pire=94.5% pub=21.0 biais=0.0
18:49:41 car=True|11|15.9 pire=95.1% pub=21.0 biais=0.0
18:49:46 car=True|11|15.3 pire=95.1% pub=21.2 biais=0.0
18:49:52 car=True|11|15.1 pire=94.6% pub=21.2 biais=0.0
18:49:57 car=True|11|15.1 pire=91.5% pub=21.1 biais=0.0
18:50:10 car=?|?|? pire=91.2% pub=21.2 biais=0.0
18:50:22 car=True|11|15.1 pire=91.0% pub=21.1 biais=0.0
18:50:27 car=True|11|15.0 pire=90.8% pub=21.1 biais=0.0
18:50:32 car=True|11|15.9 pire=95.2% pub=20.99 biais=0.0
18:50:37 car=True|11|15.8 pire=94.7% pub=20.9 biais=0.0
18:50:42 car=True|11|15.8 pire=94.6% pub=20.9 biais=0.0
18:50:48 car=True|11|15.9 pire=94.4% pub=21.0 biais=0.0
18:50:58 car=True|11|15.9 pire=95.0% pub=21.0 biais=0.0
18:51:09 car=True|11|15.8 pire=94.1% pub=20.9 biais=0.0
18:51:14 car=True|11|15.9 pire=94.3% pub=21.0 biais=0.0
18:51:19 car=True|11|15.9 pire=94.4% pub=20.9 biais=0.0
18:51:25 car=True|11|16.0 pire=94.7% pub=21.0 biais=0.0
18:51:30 car=True|11|15.9 pire=94.5% pub=20.9 biais=0.0
18:51:35 car=True|11|15.9 pire=94.6% pub=20.9 biais=0.0
18:51:40 car=True|11|15.9 pire=94.7% pub=20.9 biais=0.0
18:51:52 car=True|11|15.9 pire=94.7% pub=21.0 biais=0.0
18:51:57 car=True|11|15.8 pire=94.1% pub=20.9 biais=0.0
18:52:03 car=True|11|15.9 pire=94.2% pub=20.9 biais=0.0
18:52:08 car=True|11|15.8 pire=94.2% pub=20.9 biais=0.0
18:52:13 car=True|11|15.8 pire=93.9% pub=21.0 biais=0.0
18:52:18 car=True|11|15.9 pire=93.8% pub=21.0 biais=0.0
18:52:23 car=True|11|15.9 pire=94.1% pub=21.0 biais=0.0
18:52:29 car=True|11|15.9 pire=94.7% pub=20.9 biais=0.0
18:52:34 car=True|11|15.9 pire=94.9% pub=20.9 biais=0.0
18:52:39 car=True|11|15.9 pire=94.2% pub=21.2 biais=0.0
18:52:44 car=True|11|15.1 pire=94.1% pub=21.1 biais=0.0
18:52:49 car=True|11|15.1 pire=90.7% pub=21.2 biais=0.0
18:52:55 car=True|11|16.0 pire=90.7% pub=21.2 biais=0.0
18:53:00 car=True|11|16.0 pire=94.9% pub=21.0 biais=0.0
18:53:05 car=True|11|15.9 pire=95.1% pub=21.0 biais=0.0
18:53:10 car=True|11|15.9 pire=95.0% pub=21.0 biais=0.0
18:53:15 car=True|11|16.0 pire=94.9% pub=20.9 biais=0.0
18:53:21 car=True|11|15.9 pire=94.9% pub=20.9 biais=0.0
18:53:26 car=True|11|15.8 pire=94.7% pub=20.9 biais=0.0
18:53:31 car=True|11|15.6 pire=94.3% pub=21.0 biais=0.0
18:53:36 car=True|11|15.9 pire=94.2% pub=21.0 biais=0.0
18:53:41 car=True|11|15.9 pire=94.4% pub=21.0 biais=0.0
18:53:47 car=True|11|16.0 pire=94.8% pub=20.9 biais=0.0
18:53:52 car=True|11|15.9 pire=94.7% pub=20.9 biais=0.0
18:53:57 car=True|11|15.8 pire=94.2% pub=21.0 biais=0.0
18:54:02 car=True|11|15.8 pire=94.4% pub=21.0 biais=0.0
18:54:07 car=True|11|16.0 pire=92.8% pub=20.9 biais=0.0
18:54:13 car=True|11|16.0 pire=95.1% pub=20.9 biais=0.0
18:54:18 car=True|11|15.9 pire=94.7% pub=20.9 biais=0.0
18:54:23 car=True|11|15.8 pire=94.7% pub=21.0 biais=0.0
18:54:28 car=True|11|15.8 pire=94.1% pub=21.0 biais=0.0
18:54:33 car=True|11|15.8 pire=94.0% pub=21.0 biais=0.0
18:54:39 car=True|11|15.9 pire=94.1% pub=20.9 biais=0.0
18:54:44 car=True|11|16.0 pire=94.8% pub=20.9 biais=0.0
18:54:49 car=True|11|15.7 pire=94.8% pub=20.9 biais=0.0
18:54:54 car=True|11|15.8 pire=95.2% pub=21.0 biais=0.0
18:55:00 car=True|11|15.1 pire=95.2% pub=21.1 biais=0.0
18:55:05 car=True|11|15.1 pire=107.5% pub=21.2 biais=0.0
18:55:10 car=True|11|15.1 pire=97.1% pub=21.1 biais=0.0
18:55:15 car=True|11|15.1 pire=97.5% pub=21.2 biais=0.0
18:55:21 car=True|11|15.1 pire=98.2% pub=21.1 biais=0.0
18:55:26 car=True|11|15.1 pire=98.1% pub=21.2 biais=0.0
18:55:31 car=True|11|15.1 pire=98.8% pub=21.2 biais=0.0
18:55:36 car=True|11|15.1 pire=92.0% pub=21.2 biais=0.0
18:55:43 car=True|11|15.1 pire=92.0% pub=21.1 biais=0.0
18:55:48 car=True|11|15.1 pire=92.0% pub=21.1 biais=0.0
18:55:53 car=True|11|15.1 pire=92.0% pub=21.1 biais=0.0
18:55:58 car=True|11|15.1 pire=92.3% pub=21.2 biais=0.0
18:56:04 car=True|11|15.1 pire=91.8% pub=21.2 biais=0.0
18:56:09 car=True|11|15.0 pire=92.2% pub=21.2 biais=0.0
18:56:14 car=True|11|15.1 pire=92.1% pub=21.1 biais=0.0
18:56:19 car=True|11|15.0 pire=91.9% pub=21.2 biais=0.0
18:56:24 car=True|11|15.1 pire=92.1% pub=21.2 biais=0.0
18:56:30 car=True|11|15.0 pire=91.9% pub=21.1 biais=0.0
18:56:35 car=True|11|15.1 pire=92.1% pub=21.1 biais=0.0
18:56:40 car=True|11|15.0 pire=91.2% pub=21.1 biais=0.0
18:56:46 car=True|11|15.1 pire=91.0% pub=21.2 biais=0.0
18:56:51 car=True|11|15.9 pire=91.3% pub=20.97 biais=0.0
18:56:56 car=True|11|15.9 pire=95.2% pub=20.9 biais=0.0
18:57:02 car=True|11|15.7 pire=94.8% pub=21.0 biais=0.0
18:57:07 car=True|11|15.8 pire=94.6% pub=21.0 biais=0.0
18:57:12 car=True|11|15.9 pire=94.6% pub=21.0 biais=0.0
18:57:17 car=True|11|15.6 pire=95.2% pub=20.9 biais=0.0
18:57:22 car=True|11|15.6 pire=94.6% pub=20.9 biais=0.0
18:57:28 car=True|11|15.7 pire=94.0% pub=20.9 biais=0.0
18:57:33 car=True|11|15.8 pire=94.7% pub=21.0 biais=0.0
18:57:38 car=True|11|15.8 pire=93.8% pub=20.9 biais=0.0
18:57:43 car=True|11|15.9 pire=94.3% pub=20.9 biais=0.0
18:57:48 car=True|11|15.7 pire=95.1% pub=20.9 biais=0.0
18:57:54 car=True|11|15.9 pire=94.3% pub=21.0 biais=0.0
18:57:59 car=True|11|15.7 pire=95.7% pub=21.0 biais=0.0
18:58:05 car=True|11|15.6 pire=94.9% pub=21.0 biais=0.0
18:58:10 car=True|11|15.7 pire=92.8% pub=21.0 biais=0.0
18:58:15 car=True|11|15.9 pire=94.9% pub=20.9 biais=0.0
18:58:20 car=True|11|15.7 pire=93.7% pub=21.0 biais=0.0
18:58:25 car=True|11|15.8 pire=93.7% pub=21.0 biais=0.0
18:58:31 car=True|11|15.7 pire=95.8% pub=20.9 biais=0.0
18:58:36 car=True|11|15.7 pire=94.3% pub=20.9 biais=0.0
18:58:42 car=True|11|15.7 pire=104.2% pub=20.9 biais=0.0
18:58:47 car=True|11|15.7 pire=98.9% pub=21.0 biais=0.0
18:58:52 car=True|11|15.8 pire=98.6% pub=21.0 biais=0.0
18:58:58 car=True|11|15.1 pire=97.8% pub=21.2 biais=0.0
18:59:03 car=True|11|15.1 pire=96.5% pub=21.2 biais=0.0
18:59:09 car=True|11|15.0 pire=96.8% pub=21.2 biais=0.0
18:59:14 car=True|11|15.0 pire=96.3% pub=21.1 biais=0.0
18:59:19 car=True|11|15.1 pire=95.2% pub=21.1 biais=0.0
18:59:24 car=True|11|15.1 pire=97.3% pub=21.1 biais=0.0
18:59:30 car=True|11|15.1 pire=97.9% pub=21.2 biais=0.0
18:59:35 car=True|11|15.1 pire=97.6% pub=21.2 biais=0.0
18:59:40 car=True|11|15.1 pire=96.8% pub=21.1 biais=0.0
18:59:45 car=True|11|15.1 pire=97.4% pub=21.1 biais=0.0
18:59:51 car=True|11|15.1 pire=98.2% pub=21.1 biais=0.0
18:59:56 car=True|11|15.1 pire=98.5% pub=21.2 biais=0.0
19:00:01 car=True|11|15.0 pire=99.1% pub=21.1 biais=0.0
19:00:06 car=True|11|15.1 pire=100.5% pub=21.1 biais=0.0
19:00:11 car=True|11|15.1 pire=103.5% pub=21.1 biais=0.0
19:00:17 car=True|11|15.0 pire=108.4% pub=21.2 biais=0.0
19:00:22 car=True|11|15.0 pire=110.0% pub=21.2 biais=0.0
19:00:27 car=True|11|15.1 pire=110.5% pub=21.2 biais=0.0
19:00:32 car=True|11|15.1 pire=109.7% pub=21.1 biais=0.0
19:00:38 car=True|11|15.1 pire=110.4% pub=21.1 biais=0.0
19:00:43 car=True|11|15.1 pire=115.5% pub=21.1 biais=0.0
19:00:48 car=True|11|15.0 pire=115.7% pub=21.2 biais=0.0
19:00:53 car=True|11|15.1 pire=117.2% pub=21.1 biais=0.0
19:00:58 car=True|11|15.0 pire=117.2% pub=21.2 biais=0.0
19:01:04 car=True|11|15.1 pire=114.1% pub=21.1 biais=0.0
19:01:09 car=True|11|15.6 pire=91.8% pub=21.2 biais=0.0
19:01:14 car=True|11|15.7 pire=94.3% pub=20.9 biais=0.0
19:01:19 car=True|11|15.8 pire=95.0% pub=20.9 biais=0.0
19:01:24 car=True|11|15.9 pire=94.9% pub=21.0 biais=0.0
19:01:29 car=True|11|15.9 pire=96.1% pub=21.0 biais=0.0
19:01:35 car=True|11|15.7 pire=96.0% pub=20.9 biais=0.0
19:01:40 car=True|11|15.7 pire=94.3% pub=20.9 biais=0.0
19:01:46 car=True|11|15.8 pire=94.5% pub=20.9 biais=0.0
19:01:51 car=True|11|15.7 pire=94.7% pub=21.0 biais=0.0
19:01:56 car=True|11|15.7 pire=95.2% pub=21.0 biais=0.0
19:02:02 car=True|11|15.8 pire=94.4% pub=21.0 biais=0.0
19:02:07 car=True|11|15.8 pire=93.8% pub=20.9 biais=0.0
19:02:12 car=True|11|15.8 pire=93.4% pub=21.0 biais=0.0
19:02:17 car=True|11|15.6 pire=94.5% pub=21.0 biais=0.0
19:02:22 car=True|11|15.8 pire=93.0% pub=21.0 biais=0.0
19:02:28 car=True|11|15.7 pire=93.2% pub=20.9 biais=0.0
19:02:33 car=True|11|15.7 pire=93.5% pub=21.0 biais=0.0
19:02:38 car=True|11|15.8 pire=93.4% pub=20.9 biais=0.0
19:02:43 car=True|11|15.6 pire=93.2% pub=21.0 biais=0.0
19:02:48 car=True|11|15.7 pire=92.8% pub=21.0 biais=0.0
19:02:53 car=True|11|15.7 pire=94.2% pub=21.0 biais=0.0
19:02:59 car=True|11|15.6 pire=93.3% pub=20.9 biais=0.0
19:03:04 car=True|11|15.7 pire=93.3% pub=20.9 biais=0.0
19:03:09 car=True|11|15.5 pire=94.1% pub=20.9 biais=0.0
19:03:14 car=True|11|15.1 pire=94.4% pub=21.1 biais=0.0
19:03:20 car=True|11|15.7 pire=91.0% pub=20.92 biais=0.0
19:03:25 car=True|11|15.8 pire=93.7% pub=20.9 biais=0.0
19:03:30 car=True|11|15.7 pire=94.1% pub=21.0 biais=0.0
19:03:35 car=True|11|15.7 pire=93.4% pub=21.0 biais=0.0
19:03:40 car=True|11|15.8 pire=93.5% pub=21.0 biais=0.0
19:03:46 car=False|7|1.0 pire=94.1% pub=20.9 biais=0.0
19:03:51 car=False|9|0.1 pire=21.5% pub=6.0 biais=0.0
19:03:56 car=False|9|0.1 pire=21.2% pub=5.9 biais=0.0
19:04:01 car=False|9|0.1 pire=21.2% pub=6.05 biais=0.0
19:04:06 car=False|9|0.1 pire=21.0% pub=5.9 biais=0.0
19:04:11 car=False|9|0.1 pire=21.3% pub=6.02 biais=0.0
19:04:17 car=False|9|0.1 pire=21.3% pub=6.0 biais=0.0
19:04:22 car=False|9|0.1 pire=21.4% pub=5.98 biais=0.0
19:04:27 car=False|9|0.1 pire=21.4% pub=6.03 biais=0.0
19:04:32 car=False|9|0.1 pire=21.5% pub=6.01 biais=0.0
19:04:38 car=False|9|0.1 pire=21.5% pub=6.0 biais=0.0
19:04:43 car=False|9|0.1 pire=21.4% pub=6.05 biais=0.0
19:04:48 car=False|9|0.1 pire=21.1% pub=5.97 biais=0.0
19:04:53 car=False|9|0.1 pire=21.2% pub=5.93 biais=0.0
19:04:58 car=False|9|0.1 pire=21.0% pub=5.92 biais=0.0
19:05:04 car=False|9|0.1 pire=21.1% pub=5.91 biais=0.0
19:05:09 car=False|9|0.1 pire=21.1% pub=5.98 biais=0.0
19:05:14 car=False|9|0.1 pire=21.1% pub=5.93 biais=0.0
19:05:19 car=False|9|0.1 pire=21.1% pub=5.93 biais=0.0
19:05:25 car=False|9|0.1 pire=21.2% pub=5.92 biais=0.0
19:05:30 car=False|9|0.1 pire=21.1% pub=5.92 biais=0.0
19:05:35 car=False|9|0.1 pire=21.1% pub=5.92 biais=0.0
19:05:40 car=False|9|0.1 pire=21.3% pub=5.98 biais=0.0
19:05:45 car=False|9|0.1 pire=21.4% pub=5.99 biais=0.0
19:05:51 car=False|9|0.1 pire=21.4% pub=5.99 biais=0.0
19:05:56 car=False|9|0.1 pire=21.3% pub=5.96 biais=0.0
19:06:01 car=False|9|0.1 pire=21.5% pub=6.01 biais=0.0
19:06:06 car=False|9|0.1 pire=21.2% pub=6.0 biais=0.0
19:06:11 car=False|9|0.1 pire=21.8% pub=6.0 biais=0.0
19:06:17 car=False|9|0.1 pire=21.2% pub=5.94 biais=0.0
19:06:22 car=False|9|0.1 pire=21.1% pub=5.93 biais=0.0
19:06:27 car=False|9|0.1 pire=21.6% pub=6.0 biais=0.0
19:06:32 car=False|9|0.1 pire=21.2% pub=5.94 biais=0.0
19:06:37 car=False|9|0.1 pire=21.6% pub=6.03 biais=0.0
19:06:42 car=False|9|0.1 pire=21.3% pub=5.98 biais=0.0
19:06:48 car=False|9|0.1 pire=21.6% pub=5.92 biais=0.0
19:06:53 car=False|9|0.1 pire=21.6% pub=6.02 biais=0.0
19:06:58 car=False|9|0.1 pire=21.4% pub=6.03 biais=0.0
19:07:04 car=False|9|0.1 pire=15.6% pub=4.8 biais=0.0
19:07:09 car=False|9|0.1 pire=15.6% pub=4.8 biais=0.0
19:07:14 car=False|9|0.1 pire=15.6% pub=4.8 biais=0.0
19:07:19 car=False|9|0.1 pire=15.4% pub=4.81 biais=0.0
19:07:24 car=False|9|0.1 pire=15.3% pub=4.73 biais=0.0
19:07:30 car=False|9|0.1 pire=15.3% pub=4.74 biais=0.0
19:07:35 car=False|9|0.1 pire=15.4% pub=4.74 biais=0.0
19:07:40 car=False|9|0.1 pire=15.3% pub=4.74 biais=0.0
19:07:45 car=False|9|0.1 pire=15.5% pub=4.74 biais=0.0
19:07:50 car=False|9|0.1 pire=15.6% pub=4.79 biais=0.0
19:07:56 car=False|9|0.1 pire=15.6% pub=4.8 biais=0.0
19:08:01 car=False|9|0.1 pire=15.6% pub=4.8 biais=0.0
19:08:06 car=False|9|0.1 pire=15.6% pub=4.81 biais=0.0
19:08:12 car=False|9|0.1 pire=15.7% pub=4.82 biais=0.0
19:08:17 car=False|9|0.1 pire=15.4% pub=4.8 biais=0.0
19:08:22 car=False|9|0.1 pire=15.3% pub=4.75 biais=0.0
19:08:27 car=False|9|0.1 pire=15.3% pub=4.74 biais=0.0
19:08:33 car=False|9|0.1 pire=21.3% pub=6.19 biais=0.0
19:08:38 car=False|9|0.1 pire=21.8% pub=5.97 biais=0.0
19:08:43 car=False|9|0.1 pire=21.5% pub=6.04 biais=0.0
19:08:52 car=False|9|0.1 pire=21.4% pub=6.0 biais=0.0
19:08:58 car=False|9|0.1 pire=21.4% pub=6.0 biais=0.0
19:09:03 car=False|9|0.1 pire=20.1% pub=5.78 biais=0.0
19:09:08 car=False|9|0.1 pire=20.3% pub=6.23 biais=0.0
19:09:16 car=False|9|0.1 pire=21.7% pub=6.15 biais=0.0
19:09:21 car=False|9|0.1 pire=39.5% pub=9.88 biais=0.0
19:09:26 car=False|9|0.1 pire=28.5% pub=8.87 biais=0.0
19:09:31 car=False|9|0.1 pire=28.1% pub=7.45 biais=0.0
19:09:37 car=False|9|0.1 pire=28.3% pub=7.46 biais=0.0
19:09:42 car=False|9|0.1 pire=28.2% pub=7.36 biais=0.0
19:09:50 car=False|9|0.1 pire=27.8% pub=7.36 biais=0.0
19:09:55 car=False|9|0.1 pire=28.5% pub=7.45 biais=0.0
19:10:00 car=False|9|0.1 pire=28.6% pub=7.61 biais=0.0
19:10:09 car=False|9|0.1 pire=28.6% pub=7.25 biais=0.0
19:10:14 car=False|9|0.1 pire=28.1% pub=7.56 biais=0.0
19:10:22 car=False|9|0.1 pire=29.3% pub=7.67 biais=0.0
19:10:27 car=False|9|0.1 pire=28.7% pub=7.59 biais=0.0
19:10:32 car=False|9|0.1 pire=29.4% pub=7.57 biais=0.0
19:10:37 car=False|9|0.1 pire=29.4% pub=7.73 biais=0.0
19:10:42 car=False|9|0.1 pire=28.5% pub=7.72 biais=0.0
19:10:49 car=False|9|0.1 pire=28.4% pub=7.53 biais=0.0
19:10:55 car=False|9|0.1 pire=29.5% pub=7.7 biais=0.0
19:11:05 car=False|9|0.1 pire=29.6% pub=7.73 biais=0.0
19:11:10 car=False|9|0.1 pire=29.8% pub=7.76 biais=0.0
19:11:16 car=False|9|0.1 pire=29.8% pub=7.81 biais=0.0
19:11:21 car=False|9|0.1 pire=29.8% pub=7.82 biais=0.0
19:11:28 car=False|9|0.1 pire=29.3% pub=7.76 biais=0.0
19:11:33 car=False|9|0.1 pire=29.8% pub=7.85 biais=0.0
19:11:42 car=False|9|0.1 pire=18.5% pub=5.36 biais=0.0
19:11:48 car=False|9|0.1 pire=18.6% pub=5.37 biais=0.0
19:11:53 car=False|9|0.1 pire=18.7% pub=5.4 biais=0.0
19:11:59 car=False|9|0.1 pire=19.0% pub=5.48 biais=0.0
19:12:07 car=False|9|0.1 pire=18.8% pub=5.5 biais=0.0
19:12:13 car=False|9|0.1 pire=18.9% pub=5.43 biais=0.0
19:12:18 car=False|9|0.1 pire=18.8% pub=5.42 biais=0.0
19:12:24 car=False|9|0.1 pire=18.9% pub=5.43 biais=0.0
19:12:29 car=False|9|0.1 pire=18.8% pub=5.43 biais=0.0
19:12:35 car=False|9|0.1 pire=18.6% pub=5.45 biais=0.0
19:12:41 car=False|9|0.1 pire=18.6% pub=5.4 biais=0.0
19:12:46 car=False|9|0.1 pire=18.9% pub=5.47 biais=0.0
19:12:51 car=False|9|0.1 pire=18.9% pub=5.46 biais=0.0
19:13:01 car=False|9|0.1 pire=19.0% pub=5.47 biais=0.0
19:13:07 car=False|9|0.1 pire=19.2% pub=5.48 biais=0.0
19:13:12 car=False|9|0.1 pire=18.8% pub=5.44 biais=0.0
19:13:17 car=False|9|0.1 pire=18.8% pub=5.44 biais=0.0
19:13:22 car=False|9|0.1 pire=18.6% pub=5.4 biais=0.0
19:13:27 car=False|9|0.1 pire=18.9% pub=5.41 biais=0.0
19:13:33 car=False|9|0.1 pire=18.7% pub=5.4 biais=0.0
19:13:38 car=False|9|0.1 pire=18.7% pub=5.41 biais=0.0
19:13:43 car=False|9|0.1 pire=20.8% pub=5.81 biais=0.0
19:13:48 car=False|9|0.1 pire=21.1% pub=5.89 biais=0.0
19:13:53 car=False|9|0.1 pire=21.1% pub=5.93 biais=0.0
19:13:58 car=False|9|0.1 pire=21.2% pub=5.92 biais=0.0
19:14:04 car=False|9|0.1 pire=21.5% pub=5.98 biais=0.0
19:14:11 car=False|9|0.1 pire=21.4% pub=5.99 biais=0.0
19:14:16 car=False|9|0.1 pire=21.4% pub=5.97 biais=0.0
19:14:21 car=False|9|0.1 pire=21.3% pub=5.98 biais=0.0
19:14:27 car=False|9|0.1 pire=21.5% pub=6.0 biais=0.0
19:14:32 car=False|9|0.1 pire=21.4% pub=6.05 biais=0.0
19:14:37 car=False|9|0.1 pire=21.7% pub=6.04 biais=0.0
19:14:47 car=False|9|0.1 pire=21.6% pub=6.04 biais=0.0
19:14:52 car=False|9|0.1 pire=21.8% pub=6.08 biais=0.0
19:14:58 car=False|9|0.1 pire=21.6% pub=6.05 biais=0.0
19:15:03 car=False|9|0.1 pire=22.5% pub=7.69 biais=0.0
19:15:14 car=False|9|0.1 pire=22.5% pub=6.2 biais=0.0
19:15:19 car=False|9|0.1 pire=23.2% pub=6.34 biais=0.0
19:15:24 car=False|9|0.1 pire=23.1% pub=6.34 biais=0.0
19:15:30 car=False|9|0.1 pire=23.1% pub=6.32 biais=0.0
19:15:35 car=False|9|0.1 pire=23.1% pub=6.33 biais=0.0
19:15:40 car=False|9|0.1 pire=23.1% pub=6.33 biais=0.0
19:15:45 car=False|9|0.1 pire=23.1% pub=6.31 biais=0.0
19:15:50 car=False|9|0.1 pire=23.1% pub=6.31 biais=0.0
19:15:56 car=False|9|0.1 pire=23.2% pub=6.32 biais=0.0
19:16:01 car=False|9|0.1 pire=23.1% pub=6.33 biais=0.0
19:16:06 car=False|9|0.1 pire=23.1% pub=6.31 biais=0.0
19:16:11 car=False|4|0.1 pire=23.1% pub=6.33 biais=0.0
19:16:16 car=False|4|0.1 pire=22.5% pub=6.17 biais=0.0
19:16:22 car=False|4|0.1 pire=22.4% pub=6.18 biais=0.0
19:16:27 car=False|4|0.1 pire=22.4% pub=6.18 biais=0.0
19:16:32 car=False|4|0.1 pire=22.5% pub=6.18 biais=0.0
19:16:37 car=False|4|0.1 pire=22.4% pub=6.18 biais=0.0
19:16:42 car=False|4|0.1 pire=22.4% pub=6.18 biais=0.0
19:16:48 car=False|4|0.1 pire=22.4% pub=6.18 biais=0.0
19:16:53 car=False|4|0.1 pire=22.4% pub=6.17 biais=0.0
19:16:58 car=False|4|0.1 pire=22.4% pub=6.17 biais=0.0
19:17:04 car=False|4|0.1 pire=22.4% pub=6.17 biais=0.0
19:17:09 car=False|4|0.1 pire=22.4% pub=6.17 biais=0.0
19:17:14 car=False|4|0.1 pire=22.4% pub=6.16 biais=0.0
19:17:19 car=False|4|0.1 pire=72.0% pub=6.16 biais=0.0
19:17:25 car=False|4|0.1 pire=71.4% pub=16.91 biais=0.0
19:17:30 car=False|4|0.1 pire=71.0% pub=16.81 biais=0.0
19:17:35 car=False|4|0.1 pire=70.9% pub=16.75 biais=0.0
19:17:40 car=False|4|0.1 pire=70.7% pub=16.71 biais=0.0
19:17:46 car=False|4|0.1 pire=70.6% pub=16.69 biais=0.0
19:17:51 car=False|4|0.1 pire=70.7% pub=16.7 biais=0.0
19:17:56 car=False|4|0.1 pire=70.6% pub=16.68 biais=0.0
19:18:01 car=False|4|0.1 pire=70.6% pub=16.69 biais=0.0
19:18:06 car=False|4|0.1 pire=70.6% pub=16.69 biais=0.0
19:18:12 car=False|4|0.1 pire=70.6% pub=16.68 biais=0.0
19:18:17 car=False|4|0.1 pire=70.5% pub=16.68 biais=0.0
19:18:22 car=False|4|0.1 pire=70.5% pub=16.64 biais=0.0
19:18:27 car=False|4|0.1 pire=70.4% pub=16.66 biais=0.0
19:18:32 car=False|4|0.1 pire=70.4% pub=16.65 biais=0.0
19:18:38 car=False|4|0.1 pire=70.3% pub=16.63 biais=0.0
19:18:43 car=False|4|0.1 pire=70.3% pub=16.62 biais=0.0
19:18:48 car=False|4|0.1 pire=70.2% pub=16.59 biais=0.0
19:18:53 car=False|4|0.1 pire=70.2% pub=16.61 biais=0.0
19:18:58 car=False|4|0.1 pire=70.2% pub=16.6 biais=0.0
19:19:04 car=False|4|0.1 pire=70.1% pub=16.59 biais=0.0
19:19:09 car=False|4|0.1 pire=70.1% pub=16.58 biais=0.0
19:19:14 car=False|4|0.1 pire=70.0% pub=16.57 biais=0.0
19:19:19 car=False|4|0.1 pire=70.0% pub=16.55 biais=0.0
19:19:24 car=False|4|0.1 pire=69.9% pub=16.56 biais=0.0
19:19:30 car=False|4|0.1 pire=69.9% pub=16.55 biais=0.0
19:19:35 car=False|4|0.1 pire=69.9% pub=16.53 biais=0.0
19:19:40 car=False|4|0.1 pire=69.8% pub=16.52 biais=0.0
19:19:45 car=False|4|0.1 pire=69.8% pub=16.51 biais=0.0
19:19:52 car=False|4|0.1 pire=69.8% pub=16.51 biais=0.0
19:19:57 car=False|4|0.1 pire=69.8% pub=16.5 biais=0.0
19:20:02 car=False|4|0.1 pire=69.7% pub=16.51 biais=0.0
19:20:08 car=False|4|0.1 pire=69.7% pub=16.49 biais=0.0
19:20:14 car=False|4|0.1 pire=69.7% pub=16.49 biais=0.0
19:20:19 car=False|4|0.1 pire=69.7% pub=16.48 biais=0.0
19:20:24 car=False|4|0.1 pire=69.6% pub=16.48 biais=0.0
19:20:29 car=False|4|0.1 pire=69.6% pub=16.48 biais=0.0
19:20:34 car=False|4|0.1 pire=69.6% pub=16.48 biais=0.0
19:20:40 car=False|4|0.1 pire=69.4% pub=? biais=unavailable
19:20:45 car=False|4|0.1 pire=50.9% pub=12.34 biais=0.0
19:20:51 car=False|4|0.1 pire=50.8% pub=12.22 biais=0.0
19:20:56 car=False|4|0.1 pire=50.8% pub=12.23 biais=0.0
19:21:03 car=False|4|0.1 pire=50.7% pub=12.32 biais=0.0
19:21:08 car=False|4|0.1 pire=50.7% pub=12.21 biais=0.0
19:21:13 car=False|4|0.1 pire=50.7% pub=12.31 biais=0.0
19:21:18 car=False|4|0.1 pire=50.6% pub=12.24 biais=0.0
19:21:24 car=False|4|0.1 pire=50.6% pub=12.33 biais=0.0
19:21:29 car=False|4|0.1 pire=50.6% pub=12.23 biais=0.0
19:21:35 car=False|4|0.1 pire=50.6% pub=12.33 biais=0.0
19:21:40 car=False|4|0.1 pire=50.5% pub=12.21 biais=0.0
19:21:45 car=False|4|0.1 pire=50.4% pub=12.3 biais=0.0
19:21:51 car=False|4|0.1 pire=50.4% pub=12.2 biais=0.0
19:21:56 car=False|4|0.1 pire=50.4% pub=12.3 biais=0.0
19:22:01 car=False|4|0.1 pire=50.4% pub=12.18 biais=0.0
19:22:06 car=False|4|0.1 pire=50.4% pub=12.2 biais=0.0
19:22:15 car=False|4|0.1 pire=50.4% pub=12.29 biais=0.0
19:22:20 car=False|4|0.1 pire=50.3% pub=12.18 biais=0.0
19:22:25 car=False|4|0.1 pire=50.3% pub=12.18 biais=0.0
19:22:34 car=False|4|0.1 pire=50.4% pub=12.19 biais=0.0
19:22:44 car=False|4|0.1 pire=50.4% pub=12.29 biais=0.0
19:22:52 car=False|4|0.1 pire=50.4% pub=12.29 biais=0.0
19:22:57 car=False|4|0.1 pire=50.5% pub=12.21 biais=0.0
19:23:04 car=False|4|0.1 pire=50.5% pub=12.31 biais=0.0
19:23:09 car=False|4|0.1 pire=50.4% pub=12.19 biais=0.0
19:23:14 car=False|4|0.1 pire=50.4% pub=12.29 biais=0.0
19:23:19 car=False|4|0.1 pire=50.4% pub=12.17 biais=0.0
19:23:25 car=False|4|0.1 pire=50.4% pub=12.18 biais=0.0
19:23:33 car=False|4|0.1 pire=50.3% pub=12.27 biais=0.0
19:23:38 car=False|4|0.1 pire=50.4% pub=12.18 biais=0.0
19:23:43 car=False|4|0.1 pire=50.5% pub=12.31 biais=0.0
19:23:49 car=False|4|0.1 pire=50.5% pub=12.2 biais=0.0
19:23:54 car=False|4|0.1 pire=50.4% pub=12.29 biais=0.0
19:23:59 car=False|4|0.1 pire=50.5% pub=12.16 biais=0.0
19:24:07 car=False|4|0.1 pire=50.5% pub=12.3 biais=0.0
19:24:12 car=False|4|0.1 pire=50.4% pub=12.19 biais=0.0
19:24:17 car=False|4|0.1 pire=50.4% pub=12.29 biais=0.0
19:24:22 car=False|4|0.1 pire=50.3% pub=12.26 biais=0.0
19:24:27 car=False|4|0.1 pire=50.3% pub=12.17 biais=0.0
19:24:33 car=False|4|0.1 pire=50.3% pub=12.27 biais=0.0
19:24:38 car=False|4|0.1 pire=50.2% pub=12.18 biais=0.0
19:24:43 car=False|4|0.1 pire=50.2% pub=12.26 biais=0.0
19:24:48 car=False|4|0.1 pire=50.2% pub=12.16 biais=0.0
19:24:54 car=False|4|0.1 pire=50.2% pub=12.26 biais=0.0
19:24:59 car=False|4|0.1 pire=50.1% pub=12.14 biais=0.0
19:25:04 car=False|4|0.1 pire=50.2% pub=12.24 biais=0.0
19:25:09 car=False|9|0.1 pire=21.2% pub=5.92 biais=0.0
19:25:14 car=True|11|0.3 pire=21.3% pub=6.07 biais=0.0
19:25:20 car=True|11|1.0 pire=21.6% pub=5.92 biais=0.0
19:25:25 car=True|11|3.3 pire=21.7% pub=6.16 biais=0.0
19:25:30 car=True|11|6.4 pire=25.7% pub=5.97 biais=0.0
19:25:35 car=True|11|10.6 pire=44.7% pub=9.18 biais=0.0
19:25:41 car=True|11|15.8 pire=69.9% pub=13.12 biais=0.0
19:25:46 car=True|11|15.9 pire=84.1% pub=16.58 biais=0.0
19:25:51 car=True|11|15.8 pire=89.6% pub=21.0 biais=0.0
19:25:58 car=True|11|15.8 pire=89.2% pub=20.74 biais=0.0
19:26:03 car=True|11|15.9 pire=89.7% pub=20.94 biais=0.0
19:26:08 *** CYCLES 475 -> 476 ***
19:26:08 car=True|11|15.8 pire=89.9% pub=20.84 biais=0.0
19:26:13 car=True|11|15.8 pire=89.5% pub=20.9 biais=0.0
19:26:18 car=True|11|15.9 pire=89.0% pub=20.69 biais=0.0
19:26:25 car=True|11|15.8 pire=89.0% pub=20.74 biais=0.0
19:26:30 car=True|11|15.1 pire=91.7% pub=21.05 biais=0.0
19:26:35 car=True|11|15.3 pire=89.4% pub=21.29 biais=0.0
19:26:40 car=True|11|15.7 pire=90.0% pub=20.74 biais=0.0
19:26:45 car=True|11|15.1 pire=89.7% pub=21.23 biais=0.0
19:26:51 car=True|11|15.9 pire=92.1% pub=20.7 biais=0.0
19:26:56 car=True|11|15.9 pire=93.3% pub=21.3 biais=0.0
19:27:01 car=True|11|15.8 pire=93.0% pub=21.24 biais=0.0
19:27:06 car=True|11|15.0 pire=93.0% pub=21.38 biais=0.0
19:27:12 car=True|11|15.7 pire=89.7% pub=20.76 biais=0.0
19:27:17 car=True|11|15.1 pire=92.5% pub=20.85 biais=0.0
19:27:22 car=True|11|15.9 pire=89.4% pub=21.23 biais=0.0
19:27:27 car=True|11|16.0 pire=89.7% pub=21.3 biais=0.0
19:27:32 car=True|11|15.9 pire=93.6% pub=21.45 biais=0.0
19:27:38 car=True|11|15.9 pire=94.0% pub=21.36 biais=0.0
19:27:43 car=True|11|15.9 pire=94.0% pub=21.42 biais=0.0
19:27:48 car=True|11|15.1 pire=89.9% pub=21.32 biais=0.0
19:27:53 car=True|11|15.9 pire=90.0% pub=21.15 biais=0.0
19:27:58 car=True|11|15.1 pire=93.1% pub=21.22 biais=0.0
19:28:04 car=True|11|15.9 pire=90.3% pub=20.92 biais=0.0
19:28:09 car=True|11|15.9 pire=93.6% pub=21.32 biais=0.0
19:28:14 car=True|11|15.9 pire=93.6% pub=21.4 biais=0.0
19:28:19 car=True|11|16.0 pire=94.6% pub=21.33 biais=0.0
19:28:24 car=True|11|16.0 pire=97.9% pub=21.8 biais=0.0
19:28:30 car=True|11|16.0 pire=97.7% pub=21.76 biais=0.0
19:28:35 car=True|11|16.0 pire=97.7% pub=21.88 biais=0.0
19:28:40 car=True|11|15.9 pire=98.0% pub=21.82 biais=0.0
19:28:46 car=True|11|15.1 pire=94.5% pub=22.0 biais=0.0
19:28:51 car=True|11|15.0 pire=94.4% pub=21.42 biais=0.0
19:28:56 car=True|11|15.1 pire=94.9% pub=21.44 biais=0.0
19:29:03 car=True|11|15.1 pire=95.1% pub=21.57 biais=0.0
19:29:08 car=True|11|15.1 pire=95.2% pub=21.49 biais=0.0
19:29:14 car=True|11|15.0 pire=94.9% pub=21.55 biais=0.0
19:29:19 car=True|11|15.1 pire=95.2% pub=21.41 biais=0.0
19:29:24 car=True|11|15.0 pire=94.7% pub=21.53 biais=0.0
19:29:29 car=True|11|15.1 pire=94.8% pub=21.46 biais=0.0
19:29:35 car=True|11|15.1 pire=95.0% pub=21.49 biais=0.0
19:29:40 car=True|11|15.1 pire=95.7% pub=21.48 biais=0.0
19:29:45 car=True|11|15.0 pire=98.2% pub=21.8 biais=0.0
19:29:50 car=True|11|12.1 pire=103.6% pub=21.95 biais=0.0
19:29:55 car=True|11|10.1 pire=98.3% pub=22.05 biais=0.0
19:30:00 car=True|11|10.0 pire=99.7% pub=21.66 biais=0.0
19:30:06 car=True|11|7.1 pire=105.6% pub=22.05 biais=0.0
19:30:11 car=False|7|0.1 pire=95.3% pub=21.95 biais=0.0
19:30:16 car=True|11|0.1 pire=63.7% pub=21.18 biais=0.0
19:30:21 *** CYCLES 476 -> 477 ***
19:30:21 car=True|11|0.3 pire=65.3% pub=15.27 biais=0.0
19:30:26 car=False|7|0.1 pire=67.2% pub=15.95 biais=0.0
19:30:32 car=False|7|0.1 pire=68.4% pub=16.19 biais=0.0
19:30:37 car=False|7|0.1 pire=69.0% pub=16.45 biais=0.0
19:30:42 car=False|7|0.1 pire=74.3% pub=16.48 biais=16.0
19:30:47 car=False|7|0.1 pire=72.9% pub=21.95 biais=16.0
19:30:52 car=False|7|0.1 pire=64.3% pub=22.05 biais=16.0
19:30:58 car=False|7|0.1 pire=64.0% pub=21.95 biais=16.0
19:31:03 car=False|7|0.1 pire=64.7% pub=22.05 biais=16.0
19:31:08 car=False|7|0.1 pire=64.7% pub=21.95 biais=16.0
19:31:13 car=False|7|0.1 pire=64.9% pub=22.05 biais=16.0
19:31:18 car=False|7|0.1 pire=64.8% pub=22.05 biais=16.0
19:31:24 car=False|7|0.1 pire=64.9% pub=22.05 biais=16.0
19:31:29 car=False|7|0.1 pire=62.9% pub=21.95 biais=16.0
19:31:34 car=False|7|0.1 pire=61.6% pub=22.05 biais=16.0
19:31:39 car=False|7|0.1 pire=61.3% pub=21.95 biais=16.0
19:31:45 car=False|7|0.1 pire=61.5% pub=22.05 biais=16.0
19:31:50 car=False|7|0.1 pire=60.1% pub=22.05 biais=16.0
19:31:55 car=False|7|0.1 pire=57.2% pub=22.05 biais=16.0
19:32:01 car=False|7|0.1 pire=57.6% pub=21.95 biais=16.0
19:32:06 car=False|7|0.1 pire=30.4% pub=22.05 biais=16.0
19:32:11 car=False|7|0.1 pire=13.7% pub=20.31 biais=16.0
19:32:16 car=False|7|0.1 pire=13.4% pub=20.41 biais=16.0
19:32:22 car=False|7|0.1 pire=13.4% pub=20.26 biais=16.0
19:32:27 car=False|7|0.1 pire=13.4% pub=20.36 biais=16.0
19:32:32 car=False|7|0.1 pire=13.4% pub=20.35 biais=16.0
19:32:38 car=False|7|0.1 pire=13.3% pub=20.35 biais=16.0
19:32:43 car=False|7|0.1 pire=13.4% pub=20.35 biais=16.0
19:32:48 car=False|7|0.1 pire=13.6% pub=20.31 biais=16.0
19:32:53 car=False|7|0.1 pire=13.6% pub=20.41 biais=16.0
19:32:58 car=False|7|0.1 pire=13.6% pub=20.31 biais=16.0
19:33:03 car=False|7|0.1 pire=13.6% pub=20.4 biais=16.0
19:33:09 car=False|7|0.1 pire=13.6% pub=20.41 biais=16.0
19:33:14 car=False|7|0.1 pire=13.4% pub=20.4 biais=16.0
19:33:19 car=False|7|0.1 pire=13.3% pub=20.25 biais=16.0
19:33:24 car=False|7|0.1 pire=13.3% pub=20.35 biais=16.0
19:33:29 car=False|7|0.1 pire=13.3% pub=20.25 biais=16.0
19:33:35 car=False|7|0.1 pire=13.3% pub=20.35 biais=16.0
19:33:40 car=False|7|0.1 pire=13.3% pub=20.25 biais=16.0
19:33:45 car=False|7|0.1 pire=13.6% pub=20.25 biais=16.0
19:33:50 car=False|7|0.1 pire=13.6% pub=20.3 biais=16.0
19:33:56 car=False|7|0.1 pire=13.6% pub=20.4 biais=16.0
19:34:01 car=False|7|0.1 pire=13.6% pub=20.3 biais=16.0
19:34:06 car=False|7|0.1 pire=13.8% pub=20.43 biais=16.0
19:34:11 car=False|7|0.1 pire=13.8% pub=20.34 biais=16.0
19:34:17 car=False|7|0.1 pire=13.5% pub=20.28 biais=16.0
19:34:23 car=False|7|0.1 pire=13.5% pub=20.39 biais=16.0
19:34:28 car=False|7|0.1 pire=13.5% pub=20.29 biais=0.0
19:34:34 *** CYCLES 477 -> 478 ***
19:34:34 car=True|11|0.4 pire=13.5% pub=4.38 biais=?
19:34:48 car=True|11|6.2 pire=33.7% pub=7.62 biais=0.0
19:34:53 car=True|11|10.5 pire=38.5% pub=11.68 biais=0.0
19:34:58 car=True|11|15.9 pire=61.6% pub=14.8 biais=0.0
19:35:04 car=True|11|16.0 pire=86.4% pub=19.24 biais=0.0
19:35:09 car=True|11|15.9 pire=86.7% pub=20.19 biais=0.0
19:35:14 car=True|11|15.9 pire=86.5% pub=20.24 biais=0.0
19:35:19 car=True|11|15.9 pire=86.1% pub=20.18 biais=0.0
19:35:24 car=True|11|15.8 pire=85.9% pub=20.14 biais=0.0
19:35:30 car=True|11|15.8 pire=86.1% pub=20.05 biais=0.0
19:35:35 car=True|11|15.8 pire=85.9% pub=20.11 biais=0.0
19:35:40 car=True|11|15.9 pire=86.0% pub=20.03 biais=0.0
19:35:45 car=True|11|16.0 pire=86.6% pub=20.16 biais=0.0
19:35:50 car=True|11|15.9 pire=86.7% pub=20.19 biais=0.0
19:35:56 car=True|11|15.8 pire=86.6% pub=20.29 biais=0.0
19:36:01 car=True|11|15.8 pire=86.3% pub=20.22 biais=0.0
19:36:08 car=True|11|15.8 pire=86.3% pub=20.1 biais=0.0
19:36:13 car=True|11|15.8 pire=86.1% pub=20.17 biais=0.0
19:36:18 car=True|11|15.8 pire=86.1% pub=20.05 biais=0.0
19:36:23 car=True|11|15.8 pire=86.1% pub=20.16 biais=0.0
19:36:28 car=True|11|15.8 pire=86.1% pub=20.05 biais=0.0
19:36:34 car=True|11|15.8 pire=86.0% pub=20.14 biais=0.0
19:36:39 car=True|11|15.9 pire=86.1% pub=20.06 biais=0.0
19:36:44 car=True|11|16.1 pire=86.7% pub=20.29 biais=0.0
19:36:50 car=True|11|15.9 pire=87.5% pub=20.28 biais=0.0
19:36:55 car=True|11|15.8 pire=87.0% pub=20.32 biais=0.0
19:37:00 car=True|11|15.8 pire=86.4% pub=20.14 biais=0.0
19:37:06 car=True|11|15.8 pire=86.2% pub=20.2 biais=0.0
19:37:11 car=True|11|15.8 pire=86.4% pub=20.08 biais=0.0
19:37:16 car=True|11|15.8 pire=85.6% pub=20.25 biais=0.0
19:37:21 car=True|11|15.8 pire=85.7% pub=20.02 biais=0.0
19:37:26 car=True|11|15.8 pire=85.8% pub=20.19 biais=0.0
19:37:32 car=True|11|15.7 pire=85.7% pub=20.03 biais=0.0
19:37:37 car=True|11|15.9 pire=86.1% pub=20.13 biais=0.0
19:37:42 car=True|11|15.7 pire=86.1% pub=20.24 biais=0.0
19:37:48 car=True|11|15.8 pire=85.8% pub=20.12 biais=0.0
19:37:54 car=True|11|15.8 pire=85.7% pub=20.16 biais=0.0
19:37:59 car=True|11|15.9 pire=86.2% pub=20.09 biais=0.0
19:38:04 car=True|11|16.0 pire=86.3% pub=20.28 biais=0.0
19:38:09 car=True|11|15.9 pire=86.2% pub=20.17 biais=0.0
19:38:15 car=True|11|15.8 pire=86.2% pub=20.28 biais=0.0
19:38:20 car=True|11|15.9 pire=85.6% pub=19.94 biais=0.0
19:38:26 car=True|11|15.8 pire=86.1% pub=20.19 biais=0.0
19:38:31 car=True|11|15.8 pire=86.0% pub=20.06 biais=0.0
19:38:36 car=True|11|15.9 pire=85.5% pub=20.09 biais=0.0
19:38:41 car=True|11|15.7 pire=86.1% pub=20.05 biais=0.0
19:38:47 car=True|11|16.0 pire=86.1% pub=20.19 biais=0.0
19:38:52 car=True|11|15.9 pire=86.8% pub=20.14 biais=0.0
19:38:57 car=True|11|15.9 pire=86.7% pub=20.36 biais=0.0
19:39:02 car=True|11|16.0 pire=86.5% pub=20.13 biais=0.0
19:39:07 car=True|11|15.9 pire=87.0% pub=20.23 biais=0.0
19:39:12 car=True|11|15.9 pire=86.6% pub=20.19 biais=0.0
19:39:18 car=True|11|16.0 pire=86.1% pub=20.05 biais=0.0
19:39:23 car=True|11|15.9 pire=86.7% pub=20.24 biais=0.0
19:39:28 car=True|11|15.9 pire=86.6% pub=20.14 biais=0.0
19:39:34 car=True|11|15.8 pire=86.2% pub=20.18 biais=0.0
19:39:39 car=True|11|16.0 pire=86.1% pub=20.07 biais=0.0
19:39:44 car=True|11|15.9 pire=87.1% pub=20.23 biais=0.0
19:39:49 car=True|11|15.8 pire=86.7% pub=20.18 biais=0.0
19:39:54 car=True|11|15.9 pire=86.1% pub=20.23 biais=0.0
19:40:01 car=True|11|15.9 pire=86.1% pub=20.22 biais=0.0
19:40:06 car=True|11|16.0 pire=86.5% pub=20.2 biais=0.0
19:40:11 car=True|11|15.8 pire=86.9% pub=20.19 biais=0.0
19:40:17 car=True|11|15.8 pire=86.0% pub=20.33 biais=0.0
19:40:22 car=True|11|15.9 pire=85.7% pub=20.05 biais=0.0
19:40:27 car=True|11|15.8 pire=85.8% pub=20.16 biais=0.0
19:40:32 car=True|11|15.8 pire=?% pub=20.19 biais=0.0
19:40:42 car=True|11|16.0 pire=85.6% pub=20.05 biais=0.0
19:40:47 car=True|11|15.8 pire=86.4% pub=20.13 biais=0.0
19:40:52 car=True|11|15.8 pire=85.6% pub=20.27 biais=0.0
19:40:57 car=True|11|15.7 pire=86.2% pub=20.14 biais=0.0
19:41:02 car=True|11|15.8 pire=84.9% pub=20.12 biais=0.0
19:41:12 car=True|11|15.7 pire=85.0% pub=20.08 biais=0.0
19:41:17 car=True|11|15.8 pire=84.8% pub=19.99 biais=0.0
19:41:22 car=True|11|15.7 pire=84.9% pub=20.03 biais=0.0
19:41:28 car=True|11|15.8 pire=84.4% pub=20.01 biais=0.0
19:41:33 car=True|11|15.7 pire=84.5% pub=20.09 biais=0.0
19:41:38 car=True|11|15.8 pire=84.5% pub=19.95 biais=0.0
19:41:43 car=True|11|15.8 pire=85.0% pub=20.16 biais=0.0
19:41:48 car=True|11|15.9 pire=85.3% pub=20.11 biais=0.0
19:41:54 car=True|11|15.7 pire=85.2% pub=20.33 biais=0.0
19:41:59 car=True|11|15.8 pire=84.6% pub=19.98 biais=0.0
19:42:04 car=True|11|15.8 pire=85.5% pub=20.34 biais=0.0
19:42:10 car=True|11|15.9 pire=85.2% pub=20.03 biais=0.0
19:42:15 car=True|11|15.9 pire=85.6% pub=20.07 biais=0.0
19:42:20 car=True|11|15.6 pire=85.4% pub=20.21 biais=0.0
19:42:25 car=True|11|15.9 pire=84.4% pub=20.06 biais=0.0
19:42:30 car=True|11|15.8 pire=85.5% pub=20.06 biais=0.0
19:42:36 car=True|11|15.7 pire=85.4% pub=20.29 biais=0.0
19:42:41 car=True|11|15.7 pire=85.6% pub=20.28 biais=0.0
19:42:49 car=True|11|15.7 pire=84.8% pub=20.03 biais=0.0
19:42:55 car=True|11|15.9 pire=85.3% pub=20.13 biais=0.0
19:43:03 car=True|11|15.8 pire=85.3% pub=20.26 biais=0.0
19:43:08 car=True|11|15.8 pire=85.3% pub=20.13 biais=0.0
19:43:14 car=True|11|15.7 pire=85.6% pub=20.15 biais=0.0
19:43:19 car=True|11|15.7 pire=84.6% pub=19.94 biais=0.0
19:43:24 car=True|11|15.7 pire=85.0% pub=20.08 biais=0.0
19:43:29 car=True|11|15.8 pire=85.2% pub=20.01 biais=0.0
19:43:34 car=True|11|15.9 pire=85.3% pub=20.18 biais=0.0
19:43:40 car=True|11|15.7 pire=84.8% pub=20.14 biais=0.0
19:43:45 car=True|11|15.7 pire=84.6% pub=19.97 biais=0.0
19:43:50 car=True|11|15.6 pire=85.2% pub=20.08 biais=0.0
19:43:55 car=True|11|15.6 pire=83.1% pub=19.96 biais=0.0
19:44:01 car=True|11|15.6 pire=82.9% pub=20.05 biais=0.0
19:44:06 car=True|11|15.6 pire=82.9% pub=20.02 biais=0.0
19:44:11 car=True|11|15.7 pire=83.0% pub=20.03 biais=0.0
19:44:16 car=True|11|15.5 pire=83.2% pub=19.97 biais=0.0
19:44:21 car=True|11|15.7 pire=82.8% pub=19.98 biais=0.0
19:44:27 car=True|11|15.6 pire=83.2% pub=19.97 biais=0.0
19:44:32 car=True|11|15.6 pire=83.1% pub=19.91 biais=0.0
19:44:45 car=True|11|15.6 pire=83.2% pub=20.13 biais=0.0
19:44:50 car=True|11|15.7 pire=82.9% pub=19.94 biais=0.0
19:44:55 car=True|11|15.6 pire=82.9% pub=20.18 biais=0.0
19:45:01 car=True|11|15.6 pire=83.2% pub=19.91 biais=0.0
19:45:07 car=True|11|15.6 pire=82.7% pub=19.88 biais=0.0
19:45:12 car=True|11|15.7 pire=82.7% pub=20.02 biais=0.0
19:45:18 car=True|11|15.8 pire=83.1% pub=19.97 biais=0.0
19:45:23 car=True|11|15.7 pire=84.2% pub=20.15 biais=0.0
19:45:28 car=True|11|15.7 pire=84.0% pub=20.04 biais=0.0
19:45:33 car=True|11|15.8 pire=84.1% pub=20.13 biais=0.0
19:45:38 car=True|11|15.7 pire=84.1% pub=20.03 biais=0.0
19:45:44 car=True|11|15.7 pire=84.3% pub=20.16 biais=0.0
19:45:49 car=True|11|15.7 pire=84.3% pub=20.07 biais=0.0
19:45:54 car=True|11|15.7 pire=84.1% pub=20.13 biais=0.0
19:45:59 car=True|11|15.7 pire=84.1% pub=20.03 biais=0.0
19:46:05 car=True|11|15.7 pire=84.1% pub=20.13 biais=0.0
19:46:10 car=True|11|15.7 pire=84.1% pub=20.05 biais=0.0
19:46:15 car=True|11|15.8 pire=83.9% pub=20.08 biais=0.0
19:46:21 car=True|11|15.8 pire=84.1% pub=20.03 biais=0.0
19:46:27 car=True|11|15.8 pire=84.2% pub=20.14 biais=0.0
19:46:32 car=True|11|15.8 pire=84.2% pub=20.04 biais=0.0
19:46:37 car=True|11|15.8 pire=84.2% pub=20.14 biais=0.0
19:46:42 car=True|11|15.8 pire=84.2% pub=20.2 biais=0.0
19:46:48 car=True|11|15.7 pire=84.3% pub=20.07 biais=0.0
19:46:53 car=True|11|15.7 pire=84.0% pub=20.1 biais=0.0
19:46:58 car=True|11|15.7 pire=83.6% pub=20.0 biais=0.0
19:47:05 car=True|11|15.7 pire=83.4% pub=20.17 biais=0.0
19:47:11 car=True|11|15.8 pire=83.8% pub=20.02 biais=0.0
19:47:16 car=True|11|15.8 pire=83.9% pub=20.13 biais=0.0
19:47:21 car=True|11|15.8 pire=84.2% pub=20.1 biais=0.0
19:47:26 car=True|11|15.7 pire=83.9% pub=20.14 biais=0.0
19:47:31 car=True|11|15.6 pire=83.7% pub=19.99 biais=0.0
19:47:37 car=True|11|15.7 pire=83.4% pub=19.99 biais=0.0
19:47:42 car=True|11|15.8 pire=84.1% pub=19.88 biais=0.0
19:47:47 car=True|11|15.8 pire=84.3% pub=20.2 biais=0.0
19:47:52 car=True|11|15.7 pire=83.4% pub=19.98 biais=0.0
19:47:57 car=True|11|15.6 pire=83.1% pub=19.8 biais=0.0
19:48:03 car=True|11|15.7 pire=83.0% pub=19.87 biais=0.0
19:48:08 car=True|11|15.8 pire=83.1% pub=19.8 biais=0.0
19:48:13 car=True|11|15.8 pire=83.2% pub=19.92 biais=0.0
19:48:18 car=True|11|15.7 pire=83.2% pub=19.9 biais=0.0
19:48:23 car=True|11|15.7 pire=82.8% pub=19.92 biais=0.0
19:48:29 car=True|11|15.7 pire=82.6% pub=19.78 biais=0.0
19:48:34 car=True|11|15.7 pire=83.2% pub=19.93 biais=0.0
19:48:39 car=True|11|15.6 pire=82.9% pub=19.76 biais=0.0
19:48:44 car=True|11|15.7 pire=82.8% pub=19.84 biais=0.0
19:48:49 car=True|11|15.6 pire=83.5% pub=19.9 biais=0.0
19:48:55 car=True|11|15.7 pire=82.9% pub=19.85 biais=0.0
19:49:00 car=True|11|15.7 pire=83.6% pub=19.73 biais=0.0
19:49:05 car=True|11|15.6 pire=83.6% pub=19.93 biais=0.0
19:49:10 car=True|11|15.6 pire=82.9% pub=19.72 biais=0.0
19:49:16 car=True|11|15.7 pire=82.7% pub=19.74 biais=0.0
19:49:21 car=True|11|15.7 pire=83.3% pub=19.68 biais=0.0
19:49:26 car=True|11|15.6 pire=83.2% pub=19.87 biais=0.0
19:49:31 car=True|11|15.7 pire=82.6% pub=19.73 biais=0.0
19:49:36 car=True|11|15.6 pire=83.3% pub=19.82 biais=0.0
19:49:41 car=True|11|15.6 pire=82.8% pub=19.76 biais=0.0
19:49:47 car=True|11|15.7 pire=83.1% pub=19.78 biais=0.0
19:49:52 car=True|11|15.6 pire=83.5% pub=19.78 biais=0.0
19:49:57 car=True|11|15.7 pire=82.9% pub=19.9 biais=0.0
19:50:02 car=True|11|15.7 pire=83.2% pub=19.97 biais=0.0
19:50:07 car=True|11|15.6 pire=83.3% pub=19.77 biais=0.0
19:50:13 car=True|11|15.8 pire=82.8% pub=19.79 biais=0.0
19:50:19 car=True|11|15.6 pire=83.2% pub=19.75 biais=0.0
19:50:24 car=True|11|15.8 pire=82.8% pub=19.77 biais=0.0
19:50:29 car=True|11|15.6 pire=83.2% pub=19.84 biais=0.0
19:50:34 car=True|11|15.7 pire=82.8% pub=19.83 biais=0.0
19:50:39 car=True|11|15.6 pire=83.1% pub=19.75 biais=0.0
19:50:45 car=True|11|15.8 pire=83.1% pub=19.82 biais=0.0
19:50:50 car=True|11|15.6 pire=83.5% pub=19.9 biais=0.0
19:50:55 car=True|11|15.7 pire=83.2% pub=19.9 biais=0.0
19:51:00 car=True|11|15.7 pire=83.1% pub=19.89 biais=0.0
19:51:06 car=True|11|15.7 pire=83.5% pub=19.97 biais=0.0
19:51:13 car=True|11|15.8 pire=?% pub=? biais=?
19:51:22 car=True|11|15.7 pire=?% pub=? biais=?
19:51:30 car=True|11|15.7 pire=?% pub=? biais=?
19:51:38 car=True|11|15.7 pire=?% pub=? biais=?
19:51:46 car=True|11|15.7 pire=?% pub=? biais=?
19:51:53 car=True|11|15.7 pire=?% pub=? biais=?
19:51:58 car=True|11|15.7 pire=?% pub=? biais=?
19:52:04 car=True|11|15.7 pire=?% pub=? biais=?
19:52:09 car=True|11|15.8 pire=?% pub=? biais=?
19:52:16 car=True|11|15.7 pire=?% pub=? biais=?
19:52:22 car=True|11|15.7 pire=?% pub=? biais=?
19:52:27 car=True|11|15.8 pire=?% pub=? biais=?
19:52:32 car=True|11|15.8 pire=?% pub=? biais=?
19:52:37 car=True|11|15.7 pire=?% pub=? biais=unavailable
19:52:53 car=True|11|15.7 pire=83.5% pub=19.85 biais=0.0
19:53:02 car=True|11|15.7 pire=83.5% pub=20.03 biais=0.0
19:53:08 car=True|11|15.7 pire=83.5% pub=19.84 biais=0.0
19:53:15 car=True|11|15.7 pire=83.5% pub=19.86 biais=0.0
19:53:20 car=True|11|15.8 pire=83.5% pub=19.87 biais=0.0
19:53:26 car=True|11|15.7 pire=83.5% pub=19.91 biais=0.0
19:53:31 car=True|11|15.7 pire=82.9% pub=19.76 biais=0.0
19:53:37 car=True|11|15.8 pire=83.2% pub=19.87 biais=0.0
19:53:43 car=True|11|15.7 pire=83.3% pub=20.0 biais=0.0
19:53:49 car=True|11|15.7 pire=83.3% pub=19.86 biais=0.0
19:53:54 car=True|11|15.8 pire=83.1% pub=19.93 biais=0.0
19:53:59 car=True|11|15.8 pire=83.2% pub=19.91 biais=0.0
19:54:04 car=True|11|15.7 pire=83.3% pub=19.94 biais=0.0
19:54:10 car=True|11|15.7 pire=82.9% pub=19.79 biais=0.0
19:54:15 car=True|11|15.8 pire=82.7% pub=19.87 biais=0.0
19:54:20 car=True|11|15.8 pire=82.7% pub=19.88 biais=0.0
19:54:25 car=True|11|15.7 pire=83.4% pub=19.85 biais=0.0
19:54:30 car=True|11|15.7 pire=83.2% pub=19.72 biais=0.0
19:54:35 car=True|11|15.8 pire=82.8% pub=19.93 biais=0.0
19:54:41 car=True|11|15.8 pire=83.4% pub=19.81 biais=0.0
19:54:46 car=True|11|15.8 pire=83.7% pub=19.9 biais=0.0
19:54:51 car=True|11|15.7 pire=83.6% pub=19.79 biais=0.0
19:54:56 car=True|11|15.8 pire=83.4% pub=20.05 biais=0.0
19:55:01 car=True|11|15.8 pire=83.6% pub=19.87 biais=0.0
19:55:07 car=True|11|15.7 pire=83.7% pub=19.93 biais=0.0
19:55:12 car=True|11|15.7 pire=83.1% pub=19.95 biais=0.0
19:55:17 car=True|11|15.8 pire=82.7% pub=19.9 biais=0.0
19:55:22 car=True|11|15.8 pire=83.6% pub=19.79 biais=0.0
19:55:28 car=True|11|15.8 pire=83.6% pub=19.83 biais=0.0
19:55:33 car=True|11|15.6 pire=83.4% pub=19.89 biais=0.0
19:55:38 car=True|11|15.6 pire=83.2% pub=19.68 biais=0.0
19:55:43 car=True|11|15.8 pire=83.6% pub=19.93 biais=0.0
19:55:49 car=True|11|15.7 pire=83.6% pub=19.83 biais=0.0
19:55:55 car=True|11|15.8 pire=83.7% pub=19.84 biais=0.0
19:56:01 car=True|11|15.7 pire=83.5% pub=19.72 biais=0.0
19:56:06 car=True|11|15.6 pire=83.3% pub=19.75 biais=0.0
19:56:12 car=True|11|15.8 pire=83.6% pub=19.84 biais=0.0
19:56:17 car=True|11|15.8 pire=84.0% pub=19.93 biais=0.0
19:56:22 car=True|11|15.8 pire=84.0% pub=19.75 biais=0.0
19:56:27 car=True|11|15.8 pire=83.7% pub=19.78 biais=0.0
19:56:33 car=True|11|15.8 pire=83.5% pub=19.84 biais=0.0
19:56:38 car=True|11|15.7 pire=83.9% pub=19.9 biais=0.0
19:56:43 car=True|11|15.8 pire=84.0% pub=19.95 biais=0.0
19:56:48 car=True|11|15.8 pire=83.8% pub=19.85 biais=0.0
19:56:54 car=True|11|15.7 pire=84.0% pub=20.01 biais=0.0
19:56:59 car=True|11|15.8 pire=83.8% pub=19.79 biais=0.0
19:57:05 car=True|11|15.7 pire=84.3% pub=20.02 biais=0.0
19:57:10 car=True|11|15.8 pire=83.9% pub=19.78 biais=0.0
19:57:15 car=True|11|15.8 pire=83.5% pub=19.97 biais=0.0
19:57:20 car=True|11|15.7 pire=83.8% pub=19.71 biais=0.0
19:57:25 car=True|11|15.8 pire=83.4% pub=19.98 biais=0.0
19:57:31 car=True|11|15.7 pire=84.1% pub=19.78 biais=0.0
19:57:36 car=True|11|15.8 pire=83.5% pub=19.94 biais=0.0
19:57:41 car=True|11|15.7 pire=84.1% pub=19.75 biais=0.0
19:57:46 car=True|11|15.8 pire=83.7% pub=19.98 biais=0.0
19:57:51 car=True|11|15.7 pire=84.0% pub=19.83 biais=0.0
19:57:57 car=True|11|15.7 pire=83.4% pub=19.95 biais=0.0
19:58:02 car=True|11|15.8 pire=84.0% pub=19.9 biais=0.0
19:58:07 car=True|11|15.7 pire=84.3% pub=19.83 biais=0.0
19:58:12 car=?|?|? pire=83.4% pub=19.84 biais=0.0
19:58:29 car=True|11|15.8 pire=83.7% pub=19.87 biais=0.0
19:58:34 car=True|11|15.7 pire=83.7% pub=19.88 biais=0.0
19:58:39 car=True|11|15.8 pire=84.1% pub=19.86 biais=0.0
19:58:50 car=True|11|15.8 pire=83.8% pub=19.9 biais=0.0
19:59:02 car=True|11|15.7 pire=83.8% pub=19.9 biais=0.0
19:59:07 car=True|11|15.7 pire=84.2% pub=19.88 biais=0.0
19:59:12 car=True|11|15.7 pire=83.9% pub=19.88 biais=0.0
19:59:18 car=True|11|15.8 pire=83.9% pub=19.74 biais=0.0
19:59:25 car=True|11|15.7 pire=83.9% pub=19.96 biais=0.0
19:59:30 car=True|11|15.7 pire=83.4% pub=19.82 biais=0.0
19:59:42 car=True|11|15.7 pire=84.1% pub=19.93 biais=0.0
19:59:48 car=True|11|15.7 pire=83.9% pub=19.81 biais=0.0
19:59:53 car=True|11|15.7 pire=83.8% pub=19.9 biais=0.0
19:59:58 car=True|11|15.7 pire=84.1% pub=19.78 biais=0.0
20:00:05 car=True|11|15.8 pire=83.5% pub=19.97 biais=0.0
20:00:11 car=True|11|15.8 pire=83.9% pub=19.79 biais=0.0
20:00:16 car=True|11|15.7 pire=84.0% pub=19.79 biais=0.0
20:00:22 car=True|11|15.8 pire=83.3% pub=19.85 biais=0.0
20:00:27 car=True|11|15.8 pire=83.9% pub=19.9 biais=0.0
20:00:32 car=True|11|15.7 pire=84.0% pub=19.7 biais=0.0
20:00:37 car=True|11|15.8 pire=83.3% pub=19.94 biais=0.0
20:00:43 car=True|11|15.7 pire=84.1% pub=20.02 biais=0.0
20:00:48 car=True|11|15.8 pire=83.7% pub=19.78 biais=0.0
20:00:53 car=True|11|15.8 pire=84.3% pub=19.9 biais=0.0
20:00:58 car=True|11|15.7 pire=83.8% pub=19.85 biais=0.0
20:01:04 car=True|11|15.8 pire=83.5% pub=19.84 biais=0.0
20:01:09 car=True|11|15.8 pire=84.1% pub=19.85 biais=0.0
20:01:15 car=True|11|15.7 pire=84.9% pub=19.95 biais=0.0
20:01:20 car=True|11|15.7 pire=84.0% pub=19.88 biais=0.0
20:01:25 car=True|11|15.7 pire=84.1% pub=19.96 biais=0.0
20:01:30 car=True|11|15.8 pire=84.4% pub=19.88 biais=0.0
20:01:35 car=True|11|15.9 pire=85.4% pub=20.07 biais=0.0
20:01:41 car=True|11|15.8 pire=86.4% pub=20.06 biais=0.0
20:01:46 car=True|11|15.8 pire=86.2% pub=20.11 biais=0.0
20:01:51 car=True|11|15.8 pire=86.2% pub=19.98 biais=0.0
20:01:57 car=True|11|15.9 pire=86.4% pub=20.01 biais=0.0
20:02:02 car=True|11|15.9 pire=86.5% pub=20.11 biais=0.0
20:02:08 car=True|11|15.9 pire=86.6% pub=20.19 biais=0.0
20:02:13 car=False|7|0.1 pire=86.4% pub=20.05 biais=0.0
20:02:19 car=False|9|0.1 pire=13.4% pub=7.52 biais=0.0
20:02:24 car=False|9|0.1 pire=13.3% pub=7.42 biais=0.0
20:02:29 car=False|9|0.1 pire=13.4% pub=7.52 biais=0.0
20:02:35 car=False|9|0.1 pire=13.3% pub=7.42 biais=0.0
20:02:40 car=False|9|0.1 pire=13.3% pub=4.35 biais=0.0
20:02:45 car=False|9|0.1 pire=13.6% pub=4.29 biais=0.0
20:02:50 car=False|9|0.1 pire=13.6% pub=4.38 biais=0.0
20:02:55 car=False|9|0.1 pire=13.5% pub=4.28 biais=0.0
20:03:01 car=False|9|0.1 pire=13.6% pub=4.38 biais=0.0
20:03:06 car=False|9|0.1 pire=13.5% pub=4.28 biais=0.0
20:03:11 car=False|9|0.1 pire=13.5% pub=4.38 biais=0.0
20:03:16 car=False|9|0.1 pire=13.4% pub=4.23 biais=0.0
20:03:21 car=False|9|0.1 pire=13.4% pub=4.37 biais=0.0
20:03:27 car=False|9|0.1 pire=13.5% pub=4.37 biais=0.0
20:03:33 car=False|9|0.1 pire=13.5% pub=4.26 biais=0.0
20:03:38 car=False|9|0.1 pire=13.7% pub=4.42 biais=0.0
20:03:43 car=False|9|0.1 pire=14.0% pub=4.38 biais=0.0
20:03:49 car=False|9|0.1 pire=14.0% pub=4.49 biais=0.0
20:03:54 car=False|9|0.1 pire=14.0% pub=4.39 biais=0.0
20:04:00 car=False|9|0.1 pire=14.0% pub=4.48 biais=0.0
20:04:06 car=False|9|0.1 pire=14.0% pub=4.39 biais=0.0
20:04:11 car=False|9|0.1 pire=13.9% pub=4.47 biais=0.0
20:04:17 car=False|9|0.1 pire=13.8% pub=4.31 biais=0.0
20:04:22 car=False|9|0.1 pire=13.8% pub=4.45 biais=0.0
20:04:27 car=False|9|0.1 pire=13.9% pub=4.35 biais=0.0
20:04:32 car=False|9|0.1 pire=13.8% pub=4.45 biais=0.0
20:04:38 car=False|9|0.1 pire=13.5% pub=4.36 biais=0.0
20:04:43 car=False|9|0.1 pire=13.8% pub=4.31 biais=0.0
20:04:48 car=False|9|0.1 pire=13.8% pub=4.31 biais=0.0
20:04:53 car=False|9|0.1 pire=13.8% pub=4.41 biais=0.0
20:04:58 car=False|9|0.1 pire=13.8% pub=4.31 biais=0.0
20:05:04 car=False|9|0.1 pire=13.8% pub=4.41 biais=0.0
20:05:09 car=False|9|0.1 pire=13.8% pub=4.32 biais=0.0
20:05:14 car=False|9|0.1 pire=13.5% pub=4.26 biais=0.0
20:05:19 car=False|9|0.1 pire=13.5% pub=4.26 biais=0.0
20:05:24 car=False|9|0.1 pire=13.5% pub=4.36 biais=0.0
20:05:30 car=False|9|0.1 pire=13.5% pub=4.36 biais=0.0
20:05:35 car=False|9|0.1 pire=13.6% pub=4.37 biais=0.0
20:05:40 car=False|9|0.1 pire=14.1% pub=4.28 biais=0.0
20:05:46 car=False|9|0.1 pire=14.6% pub=4.46 biais=0.0
20:05:51 car=False|9|0.1 pire=14.6% pub=4.5 biais=0.0
20:05:56 car=False|9|0.1 pire=14.7% pub=4.6 biais=0.0
20:06:01 car=False|9|0.1 pire=14.6% pub=4.5 biais=0.0
20:06:06 car=False|9|0.1 pire=14.4% pub=4.6 biais=0.0
20:06:12 car=False|9|0.1 pire=14.1% pub=4.45 biais=0.0
20:06:17 car=False|9|0.1 pire=14.1% pub=4.49 biais=0.0
20:06:22 car=False|9|0.1 pire=14.1% pub=4.4 biais=0.0
20:06:27 car=False|9|0.1 pire=14.1% pub=4.49 biais=0.0
20:06:33 car=False|9|0.1 pire=14.1% pub=4.49 biais=0.0
20:06:38 car=False|9|0.1 pire=14.1% pub=4.39 biais=0.0
20:06:43 car=False|9|0.1 pire=14.3% pub=4.53 biais=0.0
20:06:48 car=False|9|0.1 pire=14.3% pub=4.53 biais=0.0
20:06:53 car=False|9|0.1 pire=14.3% pub=4.54 biais=0.0
20:06:59 car=False|9|0.1 pire=14.3% pub=4.44 biais=0.0
20:07:04 car=False|9|0.1 pire=14.3% pub=4.55 biais=0.0
20:07:09 car=False|9|0.1 pire=14.3% pub=4.44 biais=0.0
20:07:14 car=False|9|0.1 pire=14.1% pub=4.48 biais=0.0
20:07:19 car=False|9|0.1 pire=14.1% pub=4.39 biais=0.0
20:07:24 car=False|9|0.1 pire=14.1% pub=4.49 biais=0.0
20:07:30 car=False|9|0.1 pire=14.1% pub=4.39 biais=0.0
20:07:35 car=False|9|0.1 pire=14.1% pub=4.39 biais=0.0
20:07:40 car=False|9|0.1 pire=14.0% pub=4.38 biais=0.0
20:07:45 car=False|9|0.1 pire=14.3% pub=4.54 biais=0.0
20:07:50 car=False|9|0.1 pire=14.3% pub=4.44 biais=0.0
20:07:56 car=False|9|0.1 pire=14.3% pub=4.44 biais=0.0
20:08:01 car=False|9|0.1 pire=14.3% pub=4.44 biais=0.0
20:08:06 car=False|9|0.1 pire=14.3% pub=4.54 biais=0.0
20:08:11 car=False|9|0.1 pire=14.1% pub=4.54 biais=0.0
20:08:16 car=False|9|0.1 pire=14.1% pub=4.48 biais=0.0
20:08:22 car=False|9|0.1 pire=14.1% pub=4.38 biais=0.0
20:08:27 car=False|9|0.1 pire=14.1% pub=4.48 biais=0.0
20:08:32 car=False|9|0.1 pire=14.0% pub=4.38 biais=0.0
20:08:37 car=False|9|0.1 pire=14.1% pub=4.48 biais=0.0
20:08:42 car=False|9|0.1 pire=14.3% pub=4.39 biais=0.0
20:08:47 car=False|9|0.1 pire=14.3% pub=4.44 biais=0.0
20:08:53 car=False|9|0.1 pire=14.3% pub=4.54 biais=0.0
20:08:58 car=False|9|0.1 pire=14.3% pub=4.44 biais=0.0
20:09:03 car=False|9|0.1 pire=14.3% pub=4.54 biais=0.0
20:09:09 car=False|9|0.1 pire=14.3% pub=4.45 biais=0.0
20:09:14 car=False|9|0.1 pire=14.0% pub=4.48 biais=0.0
20:09:19 car=False|9|0.1 pire=14.0% pub=4.38 biais=0.0
20:09:24 car=False|9|0.1 pire=14.0% pub=4.49 biais=0.0
20:09:29 car=False|9|0.1 pire=14.1% pub=4.49 biais=0.0
20:09:34 car=False|9|0.1 pire=14.0% pub=4.48 biais=0.0
20:09:40 car=False|9|0.1 pire=14.0% pub=4.38 biais=0.0
20:09:45 car=False|9|0.1 pire=14.3% pub=4.54 biais=0.0
20:09:50 car=False|9|0.1 pire=14.3% pub=4.54 biais=0.0
20:10:01 car=False|9|0.1 pire=14.3% pub=4.44 biais=0.0
20:10:07 car=False|9|0.1 pire=14.3% pub=4.54 biais=0.0
20:10:12 car=False|9|0.1 pire=14.0% pub=4.45 biais=0.0
20:10:17 car=False|9|0.1 pire=14.1% pub=4.48 biais=0.0
20:10:24 car=False|9|0.1 pire=14.1% pub=4.37 biais=0.0
20:10:37 car=False|9|0.1 pire=13.9% pub=4.39 biais=0.0
20:10:42 car=False|9|0.1 pire=14.2% pub=4.39 biais=0.0
20:10:48 car=False|9|0.1 pire=14.1% pub=4.45 biais=0.0
20:10:53 car=False|9|0.1 pire=14.2% pub=4.55 biais=0.0
20:10:58 car=False|9|0.1 pire=14.0% pub=4.46 biais=0.0
20:11:03 car=False|9|0.1 pire=14.0% pub=4.56 biais=0.0
20:11:08 car=False|9|0.1 pire=14.0% pub=4.48 biais=0.0
20:11:14 car=False|9|0.1 pire=13.7% pub=4.5 biais=0.0
20:11:19 car=False|9|0.1 pire=13.7% pub=4.42 biais=0.0
20:11:24 car=False|9|0.1 pire=13.7% pub=4.5 biais=0.0
20:11:30 car=False|9|0.1 pire=40.6% pub=7.71 biais=0.0
20:11:36 car=False|9|0.1 pire=40.4% pub=9.21 biais=0.0
20:11:48 car=False|9|0.1 pire=40.2% pub=9.83 biais=0.0
20:11:53 car=False|9|0.1 pire=40.1% pub=9.81 biais=0.0
20:11:59 car=False|9|0.1 pire=14.0% pub=4.47 biais=0.0
20:12:04 car=False|9|0.1 pire=14.0% pub=4.57 biais=0.0
20:12:09 car=False|9|0.1 pire=14.0% pub=4.47 biais=0.0
20:12:14 car=False|9|0.1 pire=13.9% pub=4.51 biais=0.0
20:12:19 car=False|9|0.1 pire=13.8% pub=4.41 biais=0.0
20:12:25 car=False|9|0.1 pire=13.7% pub=4.51 biais=0.0
20:12:30 car=False|9|0.1 pire=13.7% pub=4.41 biais=0.0
20:12:35 car=False|9|0.1 pire=40.1% pub=9.14 biais=0.0
20:12:40 car=False|9|0.1 pire=40.0% pub=9.78 biais=0.0
20:12:46 car=False|9|0.1 pire=39.8% pub=9.76 biais=0.0
20:12:51 car=False|9|0.1 pire=39.8% pub=9.74 biais=0.0
20:12:56 car=False|9|0.1 pire=39.7% pub=9.83 biais=0.0
20:13:01 car=False|9|0.1 pire=39.6% pub=9.82 biais=0.0
20:13:06 car=False|9|0.1 pire=39.6% pub=9.8 biais=0.0
20:13:11 car=False|9|0.1 pire=39.5% pub=9.67 biais=0.0
20:13:17 car=False|9|0.1 pire=39.4% pub=9.78 biais=0.0
20:13:22 car=False|9|0.1 pire=39.4% pub=9.67 biais=0.0
20:13:27 car=False|9|0.1 pire=39.3% pub=9.72 biais=0.0
20:13:32 car=False|9|0.1 pire=39.3% pub=9.62 biais=0.0
20:13:37 car=False|9|0.1 pire=39.3% pub=9.6 biais=0.0
20:13:43 car=False|9|0.1 pire=39.3% pub=9.71 biais=0.0
20:13:48 car=False|9|0.1 pire=39.3% pub=9.64 biais=0.0
20:13:53 car=False|9|0.1 pire=39.2% pub=9.67 biais=0.0
20:14:02 car=False|9|0.1 pire=39.1% pub=9.59 biais=0.0
20:14:07 car=False|9|0.1 pire=39.1% pub=9.61 biais=0.0
20:14:13 car=False|9|0.1 pire=39.0% pub=9.7 biais=0.0
20:14:21 car=False|9|0.1 pire=39.0% pub=9.7 biais=0.0
20:14:27 car=False|9|0.1 pire=39.0% pub=9.62 biais=0.0
20:14:35 car=False|4|0.1 pire=39.1% pub=9.7 biais=0.0
20:14:40 car=False|4|0.1 pire=39.1% pub=9.6 biais=0.0
FIN
